Component: ARM Compiler 5.05 update 1 (build 106) Tool: armlink [4d0efa]

==============================================================================

Section Cross References

    startup_stm32f40_41xxx.o(RESET) refers to startup_stm32f40_41xxx.o(STACK) for __initial_sp
    startup_stm32f40_41xxx.o(RESET) refers to startup_stm32f40_41xxx.o(.text) for Reset_Handler
    startup_stm32f40_41xxx.o(RESET) refers to port.o(.emb_text) for SVC_Handler
    startup_stm32f40_41xxx.o(RESET) refers to delay.o(i.SysTick_Handler) for SysTick_Handler
    startup_stm32f40_41xxx.o(RESET) refers to interrupt.o(i.EXTI4_IRQHandler) for EXTI4_IRQHandler
    startup_stm32f40_41xxx.o(RESET) refers to interrupt.o(i.EXTI9_5_IRQHandler) for EXTI9_5_IRQHandler
    startup_stm32f40_41xxx.o(RESET) refers to timer.o(i.TIM4_IRQHandler) for TIM4_IRQHandler
    startup_stm32f40_41xxx.o(RESET) refers to uasrt.o(i.USART1_IRQHandler) for USART1_IRQHandler
    startup_stm32f40_41xxx.o(RESET) refers to esp8266.o(i.USART2_IRQHandler) for USART2_IRQHandler
    startup_stm32f40_41xxx.o(RESET) refers to interrupt.o(i.EXTI15_10_IRQHandler) for EXTI15_10_IRQHandler
    startup_stm32f40_41xxx.o(RESET) refers to tim5.o(i.TIM5_IRQHandler) for TIM5_IRQHandler
    startup_stm32f40_41xxx.o(.text) refers to system_stm32f4xx.o(i.SystemInit) for SystemInit
    startup_stm32f40_41xxx.o(.text) refers to entry.o(.ARM.Collect$$$$00000000) for __main
    system_stm32f4xx.o(i.SystemCoreClockUpdate) refers to system_stm32f4xx.o(.data) for SystemCoreClock
    system_stm32f4xx.o(i.SystemInit) refers to system_stm32f4xx.o(i.SetSysClock) for SetSysClock
    user.o(i.Collect_DATA_task) refers to dht11.o(i.DHT11_Readdata) for DHT11_Readdata
    user.o(i.Collect_DATA_task) refers to adc.o(i.ADC1_Light_Config) for ADC1_Light_Config
    user.o(i.Collect_DATA_task) refers to adc.o(i.Get_ADC_Average) for Get_ADC_Average
    user.o(i.Collect_DATA_task) refers to stm32f4xx_gpio.o(i.GPIO_ResetBits) for GPIO_ResetBits
    user.o(i.Collect_DATA_task) refers to stm32f4xx_gpio.o(i.GPIO_SetBits) for GPIO_SetBits
    user.o(i.Collect_DATA_task) refers to memseta.o(.text) for __aeabi_memclr4
    user.o(i.Collect_DATA_task) refers to f2d.o(.text) for __aeabi_f2d
    user.o(i.Collect_DATA_task) refers to printfa.o(i.__0sprintf) for __2sprintf
    user.o(i.Collect_DATA_task) refers to printfa.o(i.__0printf) for __2printf
    user.o(i.Collect_DATA_task) refers to pwm_fan.o(i.Fan_Control) for Fan_Control
    user.o(i.Collect_DATA_task) refers to tasks.o(i.vTaskDelay) for vTaskDelay
    user.o(i.Collect_DATA_task) refers to at24c02.o(i.AT24C02_Write_Bytes) for AT24C02_Write_Bytes
    user.o(i.Collect_DATA_task) refers to strlen.o(.text) for strlen
    user.o(i.Collect_DATA_task) refers to user.o(.data) for COLLECT_DATA_ON_FLAG
    user.o(i.Collect_DATA_task) refers to user.o(.bss) for tempvalue_1
    user.o(i.PWM_BEEP_task) refers to pwm_beep.o(i.pwm2init) for pwm2init
    user.o(i.PWM_BEEP_task) refers to tasks.o(i.vTaskDelay) for vTaskDelay
    user.o(i.PWM_BEEP_task) refers to stm32f4xx_tim.o(i.TIM_SetCompare3) for TIM_SetCompare3
    user.o(i.PWM_BEEP_task) refers to user.o(.data) for PWM_BEEP_flag
    user.o(i.led0_task) refers to stm32f4xx_tim.o(i.TIM_SetCompare1) for TIM_SetCompare1
    user.o(i.led0_task) refers to tasks.o(i.vTaskDelay) for vTaskDelay
    user.o(i.led0_task) refers to uasrt.o(.data) for PWM_LED2_flag
    user.o(i.led0_task) refers to user.o(.data) for SYSTEM_ON_FLAG
    user.o(i.light_task) refers to stm32f4xx_gpio.o(i.GPIO_ToggleBits) for GPIO_ToggleBits
    user.o(i.light_task) refers to tasks.o(i.vTaskDelay) for vTaskDelay
    user.o(i.light_task) refers to user.o(.data) for SYSTEM_ON_FLAG
    user.o(i.main) refers to misc.o(i.NVIC_PriorityGroupConfig) for NVIC_PriorityGroupConfig
    user.o(i.main) refers to led1.o(i.LED_config) for LED_config
    user.o(i.main) refers to delay.o(i.delay_init) for delay_init
    user.o(i.main) refers to beep.o(i.BEEP_Config) for BEEP_Config
    user.o(i.main) refers to key.o(i.KEY1_2_3_Config) for KEY1_2_3_Config
    user.o(i.main) refers to key.o(i.KEY4_Config) for KEY4_Config
    user.o(i.main) refers to uasrt.o(i.USART1_Config) for USART1_Config
    user.o(i.main) refers to esp8266.o(i.uart2init) for uart2init
    user.o(i.main) refers to printfa.o(i.__0printf) for __2printf
    user.o(i.main) refers to interrupt.o(i.INTERRUPT_KEY1_Config) for INTERRUPT_KEY1_Config
    user.o(i.main) refers to interrupt.o(i.INTERRUPT_KEY2_Config) for INTERRUPT_KEY2_Config
    user.o(i.main) refers to interrupt.o(i.INTERRUPT_KEY3_Config) for INTERRUPT_KEY3_Config
    user.o(i.main) refers to interrupt.o(i.INTERRUPT_KEY4_Config) for INTERRUPT_KEY4_Config
    user.o(i.main) refers to pwm_fan.o(i.TIM12_CH2_PB15_Fan_Config) for TIM12_CH2_PB15_Fan_Config
    user.o(i.main) refers to pwm_fan.o(i.Fan_TurnOn) for Fan_TurnOn
    user.o(i.main) refers to pwm_fan.o(i.Fan_Control) for Fan_Control
[...]
    i.OLed_Fill                              0x08001a9c   Section        0  oled.o(i.OLed_Fill)
    i.OLed_SetPos                            0x08001ad6   Section        0  oled.o(i.OLed_SetPos)
    i.OLed_ShowChina                         0x08001afa   Section        0  oled.o(i.OLed_ShowChina)
    i.Oled_print                             0x08001b44   Section        0  oled.o(i.Oled_print)
    i.PWM_BEEP_task                          0x08001bb8   Section        0  user.o(i.PWM_BEEP_task)
    i.PWM_LED3_Config                        0x08001c0c   Section        0  pwm_led3.o(i.PWM_LED3_Config)
    i.RCC_AHB1PeriphClockCmd                 0x08001cb4   Section        0  stm32f4xx_rcc.o(i.RCC_AHB1PeriphClockCmd)
    i.RCC_APB1PeriphClockCmd                 0x08001cd4   Section        0  stm32f4xx_rcc.o(i.RCC_APB1PeriphClockCmd)
    i.RCC_APB1PeriphResetCmd                 0x08001cf4   Section        0  stm32f4xx_rcc.o(i.RCC_APB1PeriphResetCmd)
    i.RCC_APB2PeriphClockCmd                 0x08001d14   Section        0  stm32f4xx_rcc.o(i.RCC_APB2PeriphClockCmd)
    i.RCC_APB2PeriphResetCmd                 0x08001d34   Section        0  stm32f4xx_rcc.o(i.RCC_APB2PeriphResetCmd)
    i.RCC_GetClocksFreq                      0x08001d54   Section        0  stm32f4xx_rcc.o(i.RCC_GetClocksFreq)
    i.SYSCFG_EXTILineConfig                  0x08001e3c   Section        0  stm32f4xx_syscfg.o(i.SYSCFG_EXTILineConfig)
    i.SetSysClock                            0x08001e7c   Section        0  system_stm32f4xx.o(i.SetSysClock)
    SetSysClock                              0x08001e7d   Thumb Code   220  system_stm32f4xx.o(i.SetSysClock)
    i.SysTick_CLKSourceConfig                0x08001f68   Section        0  misc.o(i.SysTick_CLKSourceConfig)
    i.SysTick_Handler                        0x08001f90   Section        0  delay.o(i.SysTick_Handler)
    i.SystemInit                             0x08001fa0   Section        0  system_stm32f4xx.o(i.SystemInit)
    i.TIM12_CH2_PB15_Fan_Config              0x08002008   Section        0  pwm_fan.o(i.TIM12_CH2_PB15_Fan_Config)
    i.TIM4_IRQHandler                        0x080020a0   Section        0  timer.o(i.TIM4_IRQHandler)
    i.TIM5_IRQHandler                        0x08002248   Section        0  tim5.o(i.TIM5_IRQHandler)
    i.TIM_ARRPreloadConfig                   0x08002268   Section        0  stm32f4xx_tim.o(i.TIM_ARRPreloadConfig)
    i.TIM_ClearITPendingBit                  0x08002280   Section        0  stm32f4xx_tim.o(i.TIM_ClearITPendingBit)
    i.TIM_Cmd                                0x08002286   Section        0  stm32f4xx_tim.o(i.TIM_Cmd)
    i.TIM_CtrlPWMOutputs                     0x0800229e   Section        0  stm32f4xx_tim.o(i.TIM_CtrlPWMOutputs)
    i.TIM_DeInit                             0x080022bc   Section        0  stm32f4xx_tim.o(i.TIM_DeInit)
    i.TIM_OC1Init                            0x0800244c   Section        0  stm32f4xx_tim.o(i.TIM_OC1Init)
    i.TIM_OC2Init                            0x080024c8   Section        0  stm32f4xx_tim.o(i.TIM_OC2Init)
    i.TIM_OC2PreloadConfig                   0x0800256c   Section        0  stm32f4xx_tim.o(i.TIM_OC2PreloadConfig)
    i.TIM_OC3Init                            0x08002588   Section        0  stm32f4xx_tim.o(i.TIM_OC3Init)
    i.TIM_OC3PreloadConfig                   0x08002628   Section        0  stm32f4xx_tim.o(i.TIM_OC3PreloadConfig)
    i.TIM_SetCompare1                        0x0800263a   Section        0  stm32f4xx_tim.o(i.TIM_SetCompare1)
    i.TIM_SetCompare2                        0x0800263e   Section        0  stm32f4xx_tim.o(i.TIM_SetCompare2)
    i.TIM_SetCompare3                        0x08002642   Section        0  stm32f4xx_tim.o(i.TIM_SetCompare3)
    i.TIM_TimeBaseInit                       0x08002648   Section        0  stm32f4xx_tim.o(i.TIM_TimeBaseInit)
    i.USART1_Config                          0x080026cc   Section        0  uasrt.o(i.USART1_Config)
    i.USART1_IRQHandler                      0x08002778   Section        0  uasrt.o(i.USART1_IRQHandler)
    i.USART2_IRQHandler                      0x08002b6c   Section        0  esp8266.o(i.USART2_IRQHandler)
    i.USART_ClearITPendingBit                0x08002cd8   Section        0  stm32f4xx_usart.o(i.USART_ClearITPendingBit)
    i.USART_Cmd                              0x08002cf6   Section        0  stm32f4xx_usart.o(i.USART_Cmd)
    i.USART_GetFlagStatus                    0x08002d0e   Section        0  stm32f4xx_usart.o(i.USART_GetFlagStatus)
    i.USART_GetITStatus                      0x08002d28   Section        0  stm32f4xx_usart.o(i.USART_GetITStatus)
    i.USART_ITConfig                         0x08002d7c   Section        0  stm32f4xx_usart.o(i.USART_ITConfig)
    i.USART_Init                             0x08002dc8   Section        0  stm32f4xx_usart.o(i.USART_Init)
    i.USART_ReceiveData                      0x08002e9c   Section        0  stm32f4xx_usart.o(i.USART_ReceiveData)
    i.WriteOLedCmd                           0x08002ea6   Section        0  oled.o(i.WriteOLedCmd)
    i.WriteOLedData                          0x08002ed4   Section        0  oled.o(i.WriteOLedData)
    i.__0printf                              0x08002f08   Section        0  printfa.o(i.__0printf)
    i.__0sprintf                             0x08002f28   Section        0  printfa.o(i.__0sprintf)
    i.__scatterload_copy                     0x08002f50   Section       14  handlers.o(i.__scatterload_copy)
    i.__scatterload_null                     0x08002f5e   Section        2  handlers.o(i.__scatterload_null)
    i.__scatterload_zeroinit                 0x08002f60   Section       14  handlers.o(i.__scatterload_zeroinit)
    i._fp_digits                             0x08002f70   Section        0  printfa.o(i._fp_digits)
    _fp_digits                               0x08002f71   Thumb Code   334  printfa.o(i._fp_digits)
    i._printf_core                           0x080030d4   Section        0  printfa.o(i._printf_core)
    _printf_core                             0x080030d5   Thumb Code  1744  printfa.o(i._printf_core)
    i._printf_post_padding                   0x080037b0   Section        0  printfa.o(i._printf_post_padding)
    _printf_post_padding                     0x080037b1   Thumb Code    36  printfa.o(i._printf_post_padding)
    i._printf_pre_padding                    0x080037d4   Section        0  printfa.o(i._printf_pre_padding)
    _printf_pre_padding                      0x080037d5   Thumb Code    46  printfa.o(i._printf_pre_padding)
    i._sputc                                 0x08003802   Section        0  printfa.o(i._sputc)
    _sputc                                   0x08003803   Thumb Code    10  printfa.o(i._sputc)
    i.delay_init                             0x0800380c   Section        0  delay.o(i.delay_init)
    i.delay_ms                               0x08003850   Section        0  delay.o(i.delay_ms)
    i.delay_us                               0x08003868   Section        0  delay.o(i.delay_us)
    i.fputc                                  0x080038b0   Section        0  uasrt.o(i.fputc)
    i.led0_task                              0x080038cc   Section        0  user.o(i.led0_task)
    i.light_task                             0x08003920   Section        0  user.o(i.light_task)
    i.main                                   0x08003944   Section        0  user.o(i.main)
    i.prvAddCurrentTaskToDelayedList         0x08003a0c   Section        0  tasks.o(i.prvAddCurrentTaskToDelayedList)
    prvAddCurrentTaskToDelayedList           0x08003a0d   Thumb Code   124  tasks.o(i.prvAddCurrentTaskToDelayedList)
    i.prvAddNewTaskToReadyList               0x08003aa4   Section        0  tasks.o(i.prvAddNewTaskToReadyList)
    prvAddNewTaskToReadyList                 0x08003aa5   Thumb Code   156  tasks.o(i.prvAddNewTaskToReadyList)
    i.prvCheckForValidListAndQueue           0x08003b5c   Section        0  timers.o(i.prvCheckForValidListAndQueue)
    prvCheckForValidListAndQueue             0x08003b5d   Thumb Code    72  timers.o(i.prvCheckForValidListAndQueue)
    i.prvCheckTasksWaitingTermination        0x08003bc0   Section        0  tasks.o(i.prvCheckTasksWaitingTermination)
    prvCheckTasksWaitingTermination          0x08003bc1   Thumb Code    86  tasks.o(i.prvCheckTasksWaitingTermination)
    i.prvCopyDataFromQueue                   0x08003c24   Section        0  queue.o(i.prvCopyDataFromQueue)
    prvCopyDataFromQueue                     0x08003c25   Thumb Code    42  queue.o(i.prvCopyDataFromQueue)
    i.prvCopyDataToQueue                     0x08003c4e   Section        0  queue.o(i.prvCopyDataToQueue)
    prvCopyDataToQueue                       0x08003c4f   Thumb Code   124  queue.o(i.prvCopyDataToQueue)
    i.prvDeleteTCB                           0x08003cca   Section        0  tasks.o(i.prvDeleteTCB)
    prvDeleteTCB                             0x08003ccb   Thumb Code    18  tasks.o(i.prvDeleteTCB)
    i.prvGetNextExpireTime                   0x08003cdc   Section        0  timers.o(i.prvGetNextExpireTime)
    prvGetNextExpireTime                     0x08003cdd   Thumb Code    36  timers.o(i.prvGetNextExpireTime)
    i.prvHeapInit                            0x08003d04   Section        0  heap_4.o(i.prvHeapInit)
    prvHeapInit                              0x08003d05   Thumb Code    98  heap_4.o(i.prvHeapInit)
    i.prvIdleTask                            0x08003d80   Section        0  tasks.o(i.prvIdleTask)
    prvIdleTask                              0x08003d81   Thumb Code    32  tasks.o(i.prvIdleTask)
    i.prvInitialiseNewQueue                  0x08003da8   Section        0  queue.o(i.prvInitialiseNewQueue)
    prvInitialiseNewQueue                    0x08003da9   Thumb Code    42  queue.o(i.prvInitialiseNewQueue)
    i.prvInitialiseNewTask                   0x08003dd2   Section        0  tasks.o(i.prvInitialiseNewTask)
    prvInitialiseNewTask                     0x08003dd3   Thumb Code   180  tasks.o(i.prvInitialiseNewTask)
    i.prvInitialiseTaskLists                 0x08003e88   Section        0  tasks.o(i.prvInitialiseTaskLists)
    prvInitialiseTaskLists                   0x08003e89   Thumb Code    70  tasks.o(i.prvInitialiseTaskLists)
    i.prvInsertBlockIntoFreeList             0x08003ef0   Section        0  heap_4.o(i.prvInsertBlockIntoFreeList)
    prvInsertBlockIntoFreeList               0x08003ef1   Thumb Code    96  heap_4.o(i.prvInsertBlockIntoFreeList)
    i.prvInsertTimerInActiveList             0x08003f58   Section        0  timers.o(i.prvInsertTimerInActiveList)
    prvInsertTimerInActiveList               0x08003f59   Thumb Code    80  timers.o(i.prvInsertTimerInActiveList)
    i.prvIsQueueEmpty                        0x08003fb0   Section        0  queue.o(i.prvIsQueueEmpty)
    prvIsQueueEmpty                          0x08003fb1   Thumb Code    26  queue.o(i.prvIsQueueEmpty)
    i.prvIsQueueFull                         0x08003fca   Section        0  queue.o(i.prvIsQueueFull)
    prvIsQueueFull                           0x08003fcb   Thumb Code    30  queue.o(i.prvIsQueueFull)
    i.prvProcessExpiredTimer                 0x08003fe8   Section        0  timers.o(i.prvProcessExpiredTimer)
    prvProcessExpiredTimer                   0x08003fe9   Thumb Code    94  timers.o(i.prvProcessExpiredTimer)
    i.prvProcessReceivedCommands             0x0800404c   Section        0  timers.o(i.prvProcessReceivedCommands)
    prvProcessReceivedCommands               0x0800404d   Thumb Code   242  timers.o(i.prvProcessReceivedCommands)
    i.prvProcessTimerOrBlockTask             0x08004144   Section        0  timers.o(i.prvProcessTimerOrBlockTask)
    prvProcessTimerOrBlockTask               0x08004145   Thumb Code   102  timers.o(i.prvProcessTimerOrBlockTask)
    i.prvResetNextTaskUnblockTime            0x080041b8   Section        0  tasks.o(i.prvResetNextTaskUnblockTime)
    prvResetNextTaskUnblockTime              0x080041b9   Thumb Code    42  tasks.o(i.prvResetNextTaskUnblockTime)
    i.prvSampleTimeNow                       0x080041ec   Section        0  timers.o(i.prvSampleTimeNow)
    prvSampleTimeNow                         0x080041ed   Thumb Code    40  timers.o(i.prvSampleTimeNow)
    i.prvSwitchTimerLists                    0x08004218   Section        0  timers.o(i.prvSwitchTimerLists)
    prvSwitchTimerLists                      0x08004219   Thumb Code   150  timers.o(i.prvSwitchTimerLists)
    i.prvTaskExitError                       0x080042b8   Section        0  port.o(i.prvTaskExitError)
    prvTaskExitError                         0x080042b9   Thumb Code    60  port.o(i.prvTaskExitError)
    i.prvTimerTask                           0x080042f8   Section        0  timers.o(i.prvTimerTask)
    prvTimerTask                             0x080042f9   Thumb Code    26  timers.o(i.prvTimerTask)
    i.prvUnlockQueue                         0x08004312   Section        0  queue.o(i.prvUnlockQueue)
    prvUnlockQueue                           0x08004313   Thumb Code   126  queue.o(i.prvUnlockQueue)
    i.pvPortMalloc                           0x08004390   Section        0  heap_4.o(i.pvPortMalloc)
    i.pvTaskIncrementMutexHeldCount          0x080044cc   Section        0  tasks.o(i.pvTaskIncrementMutexHeldCount)
    i.pwm2init                               0x080044ec   Section        0  pwm_beep.o(i.pwm2init)
    i.pxPortInitialiseStack                  0x08004590   Section        0  port.o(i.pxPortInitialiseStack)
    i.start_task                             0x080045bc   Section        0  user.o(i.start_task)
    i.uart2init                              0x0800467c   Section        0  esp8266.o(i.uart2init)
    i.uxListRemove                           0x08004724   Section        0  list.o(i.uxListRemove)
    i.vListInitialise                        0x0800474c   Section        0  list.o(i.vListInitialise)
    i.vListInitialiseItem                    0x08004766   Section        0  list.o(i.vListInitialiseItem)
    i.vListInsert                            0x0800476c   Section        0  list.o(i.vListInsert)
    i.vListInsertEnd                         0x080047a0   Section        0  list.o(i.vListInsertEnd)
    i.vPortEnterCritical                     0x080047b8   Section        0  port.o(i.vPortEnterCritical)
    i.vPortExitCritical                      0x0800480c   Section        0  port.o(i.vPortExitCritical)
    i.vPortFree                              0x08004848   Section        0  heap_4.o(i.vPortFree)
    i.vPortSetupTimerInterrupt               0x080048dc   Section        0  port.o(i.vPortSetupTimerInterrupt)
    i.vPortValidateInterruptPriority         0x080048fc   Section        0  port.o(i.vPortValidateInterruptPriority)
    i.vQueueAddToRegistry                    0x08004974   Section        0  queue.o(i.vQueueAddToRegistry)
    i.vQueueWaitForMessageRestricted         0x080049a0   Section        0  queue.o(i.vQueueWaitForMessageRestricted)
    i.vTaskDelay                             0x080049ec   Section        0  tasks.o(i.vTaskDelay)
    i.vTaskDelete                            0x08004a48   Section        0  tasks.o(i.vTaskDelete)
    i.vTaskMissedYield                       0x08004b3c   Section        0  tasks.o(i.vTaskMissedYield)
    i.vTaskPlaceOnEventList                  0x08004b48   Section        0  tasks.o(i.vTaskPlaceOnEventList)
    i.vTaskPlaceOnEventListRestricted        0x08004b80   Section        0  tasks.o(i.vTaskPlaceOnEventListRestricted)
    i.vTaskPriorityInherit                   0x08004bc0   Section        0  tasks.o(i.vTaskPriorityInherit)
    i.vTaskSetTimeOutState                   0x08004c70   Section        0  tasks.o(i.vTaskSetTimeOutState)
    i.vTaskStartScheduler                    0x08004ca0   Section        0  tasks.o(i.vTaskStartScheduler)
    i.vTaskSuspendAll                        0x08004d34   Section        0  tasks.o(i.vTaskSuspendAll)
    i.vTaskSwitchContext                     0x08004d44   Section        0  tasks.o(i.vTaskSwitchContext)
    i.xPortStartScheduler                    0x08004dd0   Section        0  port.o(i.xPortStartScheduler)
    i.xPortSysTickHandler                    0x08004f0c   Section        0  port.o(i.xPortSysTickHandler)
    i.xQueueGenericCreate                    0x08004f40   Section        0  queue.o(i.xQueueGenericCreate)
    i.xQueueGenericReceive                   0x08004f98   Section        0  queue.o(i.xQueueGenericReceive)
    i.xQueueGenericReset                     0x0800515c   Section        0  queue.o(i.xQueueGenericReset)
    i.xQueueGenericSend                      0x080051f4   Section        0  queue.o(i.xQueueGenericSend)
    i.xQueueGenericSendFromISR               0x0800539c   Section        0  queue.o(i.xQueueGenericSendFromISR)
    i.xTaskCheckForTimeOut                   0x08005494   Section        0  tasks.o(i.xTaskCheckForTimeOut)
    i.xTaskCreate                            0x08005520   Section        0  tasks.o(i.xTaskCreate)
    i.xTaskGetSchedulerState                 0x08005580   Section        0  tasks.o(i.xTaskGetSchedulerState)
    i.xTaskGetTickCount                      0x080055a0   Section        0  tasks.o(i.xTaskGetTickCount)
    i.xTaskIncrementTick                     0x080055ac   Section        0  tasks.o(i.xTaskIncrementTick)
    i.xTaskPriorityDisinherit                0x080056f4   Section        0  tasks.o(i.xTaskPriorityDisinherit)
    i.xTaskRemoveFromEventList               0x080057bc   Section        0  tasks.o(i.xTaskRemoveFromEventList)
    i.xTaskResumeAll                         0x08005854   Section        0  tasks.o(i.xTaskResumeAll)
    i.xTimerCreateTimerTask                  0x08005958   Section        0  timers.o(i.xTimerCreateTimerTask)
    i.xTimerGenericCommand                   0x080059b0   Section        0  timers.o(i.xTimerGenericCommand)
    .constdata                               0x08005a34   Section     1520  oled.o(.constdata)
    .data                                    0x20000000   Section       20  system_stm32f4xx.o(.data)
    .data                                    0x20000014   Section       40  user.o(.data)
    .data                                    0x2000003c   Section        4  delay.o(.data)
    fac_us                                   0x2000003c   Data           1  delay.o(.data)
    fac_ms                                   0x2000003e   Data           2  delay.o(.data)
    .data                                    0x20000040   Section       16  uasrt.o(.data)
    .data                                    0x20000050   Section       12  dht11.o(.data)
    .data                                    0x2000005c   Section      256  esp8266.o(.data)
    .data                                    0x2000015c   Section      464  oled.o(.data)
    .data                                    0x2000032c   Section       16  stm32f4xx_rcc.o(.data)
    APBAHBPrescTable                         0x2000032c   Data          16  stm32f4xx_rcc.o(.data)
    .data                                    0x2000033c   Section       60  tasks.o(.data)
    pxDelayedTaskList                        0x20000340   Data           4  tasks.o(.data)
    pxOverflowDelayedTaskList                0x20000344   Data           4  tasks.o(.data)
    uxDeletedTasksWaitingCleanUp             0x20000348   Data           4  tasks.o(.data)
    uxCurrentNumberOfTasks                   0x2000034c   Data           4  tasks.o(.data)
    xTickCount                               0x20000350   Data           4  tasks.o(.data)
    uxTopReadyPriority                       0x20000354   Data           4  tasks.o(.data)
    xSchedulerRunning                        0x20000358   Data           4  tasks.o(.data)
    uxPendedTicks                            0x2000035c   Data           4  tasks.o(.data)
    xYieldPending                            0x20000360   Data           4  tasks.o(.data)
    xNumOfOverflows                          0x20000364   Data           4  tasks.o(.data)
    uxTaskNumber                             0x20000368   Data           4  tasks.o(.data)
    xNextTaskUnblockTime                     0x2000036c   Data           4  tasks.o(.data)
    xIdleTaskHandle                          0x20000370   Data           4  tasks.o(.data)
    uxSchedulerSuspended                     0x20000374   Data           4  tasks.o(.data)
    .data                                    0x20000378   Section       20  timers.o(.data)
    pxCurrentTimerList                       0x20000378   Data           4  timers.o(.data)
    pxOverflowTimerList                      0x2000037c   Data           4  timers.o(.data)
    xTimerQueue                              0x20000380   Data           4  timers.o(.data)
    xTimerTaskHandle                         0x20000384   Data           4  timers.o(.data)
    xLastTime                                0x20000388   Data           4  timers.o(.data)
    .data                                    0x2000038c   Section       12  port.o(.data)
    uxCriticalNesting                        0x2000038c   Data           4  port.o(.data)
    ucMaxSysCallPriority                     0x20000390   Data           1  port.o(.data)
    ulMaxPRIGROUPValue                       0x20000394   Data           4  port.o(.data)
    .data                                    0x20000398   Section       24  heap_4.o(.data)
    xStart                                   0x20000398   Data           8  heap_4.o(.data)
    pxEnd                                    0x200003a0   Data           4  heap_4.o(.data)
    xFreeBytesRemaining                      0x200003a4   Data           4  heap_4.o(.data)
    xMinimumEverFreeBytesRemaining           0x200003a8   Data           4  heap_4.o(.data)
    xBlockAllocatedBit                       0x200003ac   Data           4  heap_4.o(.data)
    .data                                    0x200003b0   Section        4  stdout.o(.data)
    .bss                                     0x200003b4   Section      512  user.o(.bss)
    .bss                                     0x200005b4   Section      224  uasrt.o(.bss)
    .bss                                     0x20000694   Section       30  esp8266.o(.bss)
    .bss                                     0x200006b4   Section       64  queue.o(.bss)
    .bss                                     0x200006f4   Section      200  tasks.o(.bss)
    pxReadyTasksLists                        0x200006f4   Data         100  tasks.o(.bss)
    xDelayedTaskList1                        0x20000758   Data          20  tasks.o(.bss)
    xDelayedTaskList2                        0x2000076c   Data          20  tasks.o(.bss)
    xPendingReadyList                        0x20000780   Data          20  tasks.o(.bss)
    xTasksWaitingTermination                 0x20000794   Data          20  tasks.o(.bss)
    xSuspendedTaskList                       0x200007a8   Data          20  tasks.o(.bss)
    .bss                                     0x200007bc   Section       40  timers.o(.bss)
    xActiveTimerList1                        0x200007bc   Data          20  timers.o(.bss)
    xActiveTimerList2                        0x200007d0   Data          20  timers.o(.bss)
    .bss                                     0x200007e4   Section    76800  heap_4.o(.bss)
    ucHeap                                   0x200007e4   Data       76800  heap_4.o(.bss)
    STACK                                    0x200133e8   Section     1024  startup_stm32f40_41xxx.o(STACK)

    Global Symbols

    Symbol Name                              Value     Ov Type        Size  Object(Section)

    BuildAttributes$$THM_ISAv4$E$P$D$K$B$S$7EM$VFPi3$EXTD16$VFPS$VFMA$PE$A:L22UL41UL21$X:L11$S22US41US21$IEEE1$IW$USESV6$~STKCKD$USESV7$~SHL$OSPACE$ROPI$EBA8$MICROLIB$REQ8$PRES8$EABIv2 0x00000000   Number         0  anon$$obj.o ABSOLUTE
    __ARM_use_no_argv                        0x00000000   Number         0  user.o ABSOLUTE
    _printf_a                                0x00000000   Number         0  stubs.o ABSOLUTE
    _printf_c                                0x00000000   Number         0  stubs.o ABSOLUTE
    _printf_charcount                        0x00000000   Number         0  stubs.o ABSOLUTE
    _printf_d                                0x00000000   Number         0  stubs.o ABSOLUTE
    _printf_e                                0x00000000   Number         0  stubs.o ABSOLUTE
    _printf_f                                0x00000000   Number         0  stubs.o ABSOLUTE
    _printf_flags                            0x00000000   Number         0  stubs.o ABSOLUTE
    _printf_fp_dec                           0x00000000   Number         0  stubs.o ABSOLUTE
    _printf_fp_hex                           0x00000000   Number         0  stubs.o ABSOLUTE
    _printf_g                                0x00000000   Number         0  stubs.o ABSOLUTE
    _printf_i                                0x00000000   Number         0  stubs.o ABSOLUTE
    _printf_int_dec                          0x00000000   Number         0  stubs.o ABSOLUTE
    _printf_l                                0x00000000   Number         0  stubs.o ABSOLUTE
    _printf_lc                               0x00000000   Number         0  stubs.o ABSOLUTE
    _printf_ll                               0x00000000   Number         0  stubs.o ABSOLUTE
    _printf_lld                              0x00000000   Number         0  stubs.o ABSOLUTE
    _printf_lli                              0x00000000   Number         0  stubs.o ABSOLUTE
    _printf_llo                              0x00000000   Number         0  stubs.o ABSOLUTE
    _printf_llu                              0x00000000   Number         0  stubs.o ABSOLUTE
    _printf_llx                              0x00000000   Number         0  stubs.o ABSOLUTE
    _printf_longlong_dec                     0x00000000   Number         0  stubs.o ABSOLUTE
    _printf_longlong_hex                     0x00000000   Number         0  stubs.o ABSOLUTE
    _printf_longlong_oct                     0x00000000   Number         0  stubs.o ABSOLUTE
    _printf_ls                               0x00000000   Number         0  stubs.o ABSOLUTE
    _printf_mbtowc                           0x00000000   Number         0  stubs.o ABSOLUTE
    _printf_n                                0x00000000   Number         0  stubs.o ABSOLUTE
    _printf_o                                0x00000000   Number         0  stubs.o ABSOLUTE
    _printf_p                                0x00000000   Number         0  stubs.o ABSOLUTE
    _printf_percent                          0x00000000   Number         0  stubs.o ABSOLUTE
    _printf_pre_padding                      0x00000000   Number         0  stubs.o ABSOLUTE
    _printf_return_value                     0x00000000   Number         0  stubs.o ABSOLUTE
    _printf_s                                0x00000000   Number         0  stubs.o ABSOLUTE
    _printf_sizespec                         0x00000000   Number         0  stubs.o ABSOLUTE
    _printf_str                              0x00000000   Number         0  stubs.o ABSOLUTE
    _printf_truncate_signed                  0x00000000   Number         0  stubs.o ABSOLUTE
    _printf_truncate_unsigned                0x00000000   Number         0  stubs.o ABSOLUTE
    _printf_u                                0x00000000   Number         0  stubs.o ABSOLUTE
    _printf_wc                               0x00000000   Number         0  stubs.o ABSOLUTE
    _printf_wctomb                           0x00000000   Number         0  stubs.o ABSOLUTE
    _printf_widthprec                        0x00000000   Number         0  stubs.o ABSOLUTE
    _printf_x                                0x00000000   Number         0  stubs.o ABSOLUTE
    __cpp_initialize__aeabi_                  - Undefined Weak Reference
    __cxa_finalize                            - Undefined Weak Reference
    _clock_init                               - Undefined Weak Reference
    _microlib_exit                            - Undefined Weak Reference
    __Vectors_Size                           0x00000188   Number         0  startup_stm32f40_41xxx.o ABSOLUTE
    __Vectors                                0x08000000   Data           4  startup_stm32f40_41xxx.o(RESET)
    __Vectors_End                            0x08000188   Data           0  startup_stm32f40_41xxx.o(RESET)
    __main                                   0x08000189   Thumb Code     0  entry.o(.ARM.Collect$$$$00000000)
    _main_stk                                0x08000189   Thumb Code     0  entry2.o(.ARM.Collect$$$$00000001)
    _main_scatterload                        0x0800018d   Thumb Code     0  entry5.o(.ARM.Collect$$$$00000004)
    __main_after_scatterload                 0x08000191   Thumb Code     0  entry5.o(.ARM.Collect$$$$00000004)
    _main_clock                              0x08000191   Thumb Code     0  entry7b.o(.ARM.Collect$$$$00000008)
    _main_cpp_init                           0x08000191   Thumb Code     0  entry8b.o(.ARM.Collect$$$$0000000A)
    _main_init                               0x08000191   Thumb Code     0  entry9a.o(.ARM.Collect$$$$0000000B)
    __rt_final_cpp                           0x08000199   Thumb Code     0  entry10a.o(.ARM.Collect$$$$0000000D)
    __rt_final_exit                          0x08000199   Thumb Code     0  entry11a.o(.ARM.Collect$$$$0000000F)
    SVC_Handler                              0x0800019d   Thumb Code    28  port.o(.emb_text)
    __asm___6_port_c_39a90d8d__prvStartFirstTask 0x080001bd   Thumb Code    28  port.o(.emb_text)
    __asm___6_port_c_39a90d8d__prvEnableVFP  0x080001dd   Thumb Code    16  port.o(.emb_text)
    PendSV_Handler                           0x080001f1   Thumb Code    88  port.o(.emb_text)
    vPortGetIPSR                             0x0800024d   Thumb Code     6  port.o(.emb_text)
    Reset_Handler                            0x08000255   Thumb Code     8  startup_stm32f40_41xxx.o(.text)
    NMI_Handler                              0x0800025d   Thumb Code     2  startup_stm32f40_41xxx.o(.text)
    HardFault_Handler                        0x0800025f   Thumb Code     2  startup_stm32f40_41xxx.o(.text)
    MemManage_Handler                        0x08000261   Thumb Code     2  startup_stm32f40_41xxx.o(.text)
    BusFault_Handler                         0x08000263   Thumb Code     2  startup_stm32f40_41xxx.o(.text)
    UsageFault_Handler                       0x08000265   Thumb Code     2  startup_stm32f40_41xxx.o(.text)
    DebugMon_Handler                         0x08000269   Thumb Code     2  startup_stm32f40_41xxx.o(.text)
    ADC_IRQHandler                           0x0800026f   Thumb Code     0  startup_stm32f40_41xxx.o(.text)
    CAN1_RX0_IRQHandler                      0x0800026f   Thumb Code     0  startup_stm32f40_41xxx.o(.text)
    CAN1_RX1_IRQHandler                      0x0800026f   Thumb Code     0  startup_stm32f40_41xxx.o(.text)
    CAN1_SCE_IRQHandler                      0x0800026f   Thumb Code     0  startup_stm32f40_41xxx.o(.text)
    CAN1_TX_IRQHandler                       0x0800026f   Thumb Code     0  startup_stm32f40_41xxx.o(.text)
    CAN2_RX0_IRQHandler                      0x0800026f   Thumb Code     0  startup_stm32f40_41xxx.o(.text)
    CAN2_RX1_IRQHandler                      0x0800026f   Thumb Code     0  startup_stm32f40_41xxx.o(.text)
    CAN2_SCE_IRQHandler                      0x0800026f   Thumb Code     0  startup_stm32f40_41xxx.o(.text)
    CAN2_TX_IRQHandler                       0x0800026f   Thumb Code     0  startup_stm32f40_41xxx.o(.text)
    CRYP_IRQHandler                          0x0800026f   Thumb Code     0  startup_stm32f40_41xxx.o(.text)
    DCMI_IRQHandler                          0x0800026f   Thumb Code     0  startup_stm32f40_41xxx.o(.text)
    DMA1_Stream0_IRQHandler                  0x0800026f   Thumb Code     0  startup_stm32f40_41xxx.o(.text)
    DMA1_Stream1_IRQHandler                  0x0800026f   Thumb Code     0  startup_stm32f40_41xxx.o(.text)
    DMA1_Stream2_IRQHandler                  0x0800026f   Thumb Code     0  startup_stm32f40_41xxx.o(.text)
    DMA1_Stream3_IRQHandler                  0x0800026f   Thumb Code     0  startup_stm32f40_41xxx.o(.text)
    DMA1_Stream4_IRQHandler                  0x0800026f   Thumb Code     0  startup_stm32f40_41xxx.o(.text)
    DMA1_Stream5_IRQHandler                  0x0800026f   Thumb Code     0  startup_stm32f40_41xxx.o(.text)
    DMA1_Stream6_IRQHandler                  0x0800026f   Thumb Code     0  startup_stm32f40_41xxx.o(.text)
    DMA1_Stream7_IRQHandler                  0x0800026f   Thumb Code     0  startup_stm32f40_41xxx.o(.text)
    DMA2_Stream0_IRQHandler                  0x0800026f   Thumb Code     0  startup_stm32f40_41xxx.o(.text)
    DMA2_Stream1_IRQHandler                  0x0800026f   Thumb Code     0  startup_stm32f40_41xxx.o(.text)
    DMA2_Stream2_IRQHandler                  0x0800026f   Thumb Code     0  startup_stm32f40_41xxx.o(.text)
    DMA2_Stream3_IRQHandler                  0x0800026f   Thumb Code     0  startup_stm32f40_41xxx.o(.text)
    DMA2_Stream4_IRQHandler                  0x0800026f   Thumb Code     0  startup_stm32f40_41xxx.o(.text)
    DMA2_Stream5_IRQHandler                  0x0800026f   Thumb Code     0  startup_stm32f40_41xxx.o(.text)
    DMA2_Stream6_IRQHandler                  0x0800026f   Thumb Code     0  startup_stm32f40_41xxx.o(.text)
    DMA2_Stream7_IRQHandler                  0x0800026f   Thumb Code     0  startup_stm32f40_41xxx.o(.text)
    ETH_IRQHandler                           0x0800026f   Thumb Code     0  startup_stm32f40_41xxx.o(.text)
    ETH_WKUP_IRQHandler                      0x0800026f   Thumb Code     0  startup_stm32f40_41xxx.o(.text)
    EXTI0_IRQHandler                         0x0800026f   Thumb Code     0  startup_stm32f40_41xxx.o(.text)
    EXTI1_IRQHandler                         0x0800026f   Thumb Code     0  startup_stm32f40_41xxx.o(.text)
    EXTI2_IRQHandler                         0x0800026f   Thumb Code     0  startup_stm32f40_41xxx.o(.text)
    EXTI3_IRQHandler                         0x0800026f   Thumb Code     0  startup_stm32f40_41xxx.o(.text)
    FLASH_IRQHandler                         0x0800026f   Thumb Code     0  startup_stm32f40_41xxx.o(.text)
    FPU_IRQHandler                           0x0800026f   Thumb Code     0  startup_stm32f40_41xxx.o(.text)
    FSMC_IRQHandler                          0x0800026f   Thumb Code     0  startup_stm32f40_41xxx.o(.text)
    HASH_RNG_IRQHandler                      0x0800026f   Thumb Code     0  startup_stm32f40_41xxx.o(.text)
    I2C1_ER_IRQHandler                       0x0800026f   Thumb Code     0  startup_stm32f40_41xxx.o(.text)
    I2C1_EV_IRQHandler                       0x0800026f   Thumb Code     0  startup_stm32f40_41xxx.o(.text)
    I2C2_ER_IRQHandler                       0x0800026f   Thumb Code     0  startup_stm32f40_41xxx.o(.text)
    I2C2_EV_IRQHandler                       0x0800026f   Thumb Code     0  startup_stm32f40_41xxx.o(.text)
    I2C3_ER_IRQHandler                       0x0800026f   Thumb Code     0  startup_stm32f40_41xxx.o(.text)
    I2C3_EV_IRQHandler                       0x0800026f   Thumb Code     0  startup_stm32f40_41xxx.o(.text)
    OTG_FS_IRQHandler                        0x0800026f   Thumb Code     0  startup_stm32f40_41xxx.o(.text)
    OTG_FS_WKUP_IRQHandler                   0x0800026f   Thumb Code     0  startup_stm32f40_41xxx.o(.text)
    OTG_HS_EP1_IN_IRQHandler                 0x0800026f   Thumb Code     0  startup_stm32f40_41xxx.o(.text)
    OTG_HS_EP1_OUT_IRQHandler                0x0800026f   Thumb Code     0  startup_stm32f40_41xxx.o(.text)
    OTG_HS_IRQHandler                        0x0800026f   Thumb Code     0  startup_stm32f40_41xxx.o(.text)
    OTG_HS_WKUP_IRQHandler                   0x0800026f   Thumb Code     0  startup_stm32f40_41xxx.o(.text)
    PVD_IRQHandler                           0x0800026f   Thumb Code     0  startup_stm32f40_41xxx.o(.text)
    RCC_IRQHandler                           0x0800026f   Thumb Code     0  startup_stm32f40_41xxx.o(.text)
    RTC_Alarm_IRQHandler                     0x0800026f   Thumb Code     0  startup_stm32f40_41xxx.o(.text)
    RTC_WKUP_IRQHandler                      0x0800026f   Thumb Code     0  startup_stm32f40_41xxx.o(.text)
    SDIO_IRQHandler                          0x0800026f   Thumb Code     0  startup_stm32f40_41xxx.o(.text)
    SPI1_IRQHandler                          0x0800026f   Thumb Code     0  startup_stm32f40_41xxx.o(.text)
    SPI2_IRQHandler                          0x0800026f   Thumb Code     0  startup_stm32f40_41xxx.o(.text)
    SPI3_IRQHandler                          0x0800026f   Thumb Code     0  startup_stm32f40_41xxx.o(.text)
    TAMP_STAMP_IRQHandler                    0x0800026f   Thumb Code     0  startup_stm32f40_41xxx.o(.text)
    TIM1_BRK_TIM9_IRQHandler                 0x0800026f   Thumb Code     0  startup_stm32f40_41xxx.o(.text)
    TIM1_CC_IRQHandler                       0x0800026f   Thumb Code     0  startup_stm32f40_41xxx.o(.text)
    TIM1_TRG_COM_TIM11_IRQHandler            0x0800026f   Thumb Code     0  startup_stm32f40_41xxx.o(.text)
    TIM1_UP_TIM10_IRQHandler                 0x0800026f   Thumb Code     0  startup_stm32f40_41xxx.o(.text)
    TIM2_IRQHandler                          0x0800026f   Thumb Code     0  startup_stm32f40_41xxx.o(.text)
    TIM3_IRQHandler                          0x0800026f   Thumb Code     0  startup_stm32f40_41xxx.o(.text)
    TIM6_DAC_IRQHandler                      0x0800026f   Thumb Code     0  startup_stm32f40_41xxx.o(.text)
    TIM7_IRQHandler                          0x0800026f   Thumb Code     0  startup_stm32f40_41xxx.o(.text)
    TIM8_BRK_TIM12_IRQHandler                0x0800026f   Thumb Code     0  startup_stm32f40_41xxx.o(.text)
    TIM8_CC_IRQHandler                       0x0800026f   Thumb Code     0  startup_stm32f40_41xxx.o(.text)
    TIM8_TRG_COM_TIM14_IRQHandler            0x0800026f   Thumb Code     0  startup_stm32f40_41xxx.o(.text)
    TIM8_UP_TIM13_IRQHandler                 0x0800026f   Thumb Code     0  startup_stm32f40_41xxx.o(.text)
    UART4_IRQHandler                         0x0800026f   Thumb Code     0  startup_stm32f40_41xxx.o(.text)
    UART5_IRQHandler                         0x0800026f   Thumb Code     0  startup_stm32f40_41xxx.o(.text)
    USART3_IRQHandler                        0x0800026f   Thumb Code     0  startup_stm32f40_41xxx.o(.text)
    USART6_IRQHandler                        0x0800026f   Thumb Code     0  startup_stm32f40_41xxx.o(.text)
    WWDG_IRQHandler                          0x0800026f   Thumb Code     0  startup_stm32f40_41xxx.o(.text)
    __aeabi_memcpy                           0x08000279   Thumb Code    36  memcpya.o(.text)
    __aeabi_memcpy4                          0x08000279   Thumb Code     0  memcpya.o(.text)
    __aeabi_memcpy8                          0x08000279   Thumb Code     0  memcpya.o(.text)
    __aeabi_memset                           0x0800029d   Thumb Code    14  memseta.o(.text)
    __aeabi_memset4                          0x0800029d   Thumb Code     0  memseta.o(.text)
    __aeabi_memset8                          0x0800029d   Thumb Code     0  memseta.o(.text)
    __aeabi_memclr                           0x080002ab   Thumb Code     4  memseta.o(.text)
    __aeabi_memclr4                          0x080002ab   Thumb Code     0  memseta.o(.text)
    __aeabi_memclr8                          0x080002ab   Thumb Code     0  memseta.o(.text)
    _memset$wrapper                          0x080002af   Thumb Code    18  memseta.o(.text)
    strlen                                   0x080002c1   Thumb Code    14  strlen.o(.text)
    strcasecmp                               0x080002cf   Thumb Code    42  strcasecmp.o(.text)
    __aeabi_f2d                              0x080002f9   Thumb Code    38  f2d.o(.text)
    __aeabi_uidiv                            0x0800031f   Thumb Code     0  uidiv.o(.text)
    __aeabi_uidivmod                         0x0800031f   Thumb Code    44  uidiv.o(.text)
    __aeabi_uldivmod                         0x0800034b   Thumb Code    98  uldiv.o(.text)
    tolower                                  0x080003ad   Thumb Code    12  tolower.o(.text)
    __I$use$fp                               0x080003b9   Thumb Code     0  iusefp.o(.text)
    __aeabi_dadd                             0x080003b9   Thumb Code   322  dadd.o(.text)
    __aeabi_dsub                             0x080004fb   Thumb Code     6  dadd.o(.text)
    __aeabi_drsub                            0x08000501   Thumb Code     6  dadd.o(.text)
    __aeabi_dmul                             0x08000507   Thumb Code   228  dmul.o(.text)
    __aeabi_ddiv                             0x080005eb   Thumb Code   222  ddiv.o(.text)
    __aeabi_d2ulz                            0x080006c9   Thumb Code    48  dfixul.o(.text)
    __aeabi_cdrcmple                         0x080006f9   Thumb Code    48  cdrcmple.o(.text)
    __scatterload                            0x08000729   Thumb Code    28  init.o(.text)
    __scatterload_rt2                        0x08000729   Thumb Code     0  init.o(.text)
    __aeabi_llsl                             0x0800074d   Thumb Code    30  llshl.o(.text)
    _ll_shift_l                              0x0800074d   Thumb Code     0  llshl.o(.text)
    __aeabi_llsr                             0x0800076b   Thumb Code    32  llushr.o(.text)
    _ll_ushift_r                             0x0800076b   Thumb Code     0  llushr.o(.text)
    __aeabi_lasr                             0x0800078b   Thumb Code    36  llsshr.o(.text)
    _ll_sshift_r                             0x0800078b   Thumb Code     0  llsshr.o(.text)
    _double_round                            0x080007af   Thumb Code    30  depilogue.o(.text)
    _double_epilogue                         0x080007cd   Thumb Code   156  depilogue.o(.text)
    __decompress                             0x08000869   Thumb Code     0  __dclz77c.o(.text)
    __decompress2                            0x08000869   Thumb Code    94  __dclz77c.o(.text)
    ADC1_Light_Config                        0x080008c9   Thumb Code   140  adc.o(i.ADC1_Light_Config)
    ADC_Cmd                                  0x08000961   Thumb Code    22  stm32f4xx_adc.o(i.ADC_Cmd)
    ADC_CommonInit                           0x08000979   Thumb Code    34  stm32f4xx_adc.o(i.ADC_CommonInit)
    ADC_GetConversionValue                   0x080009a9   Thumb Code     8  stm32f4xx_adc.o(i.ADC_GetConversionValue)
    ADC_GetFlagStatus                        0x080009b1   Thumb Code    18  stm32f4xx_adc.o(i.ADC_GetFlagStatus)
    ADC_Init                                 0x080009c5   Thumb Code    74  stm32f4xx_adc.o(i.ADC_Init)
    ADC_RegularChannelConfig                 0x08000a19   Thumb Code   184  stm32f4xx_adc.o(i.ADC_RegularChannelConfig)
    ADC_SoftwareStartConv                    0x08000ad1   Thumb Code    10  stm32f4xx_adc.o(i.ADC_SoftwareStartConv)
    AT24C02_Read_Bytes                       0x08000adb   Thumb Code    94  at24c02.o(i.AT24C02_Read_Bytes)
    AT24C02_Write_Bytes                      0x08000b39   Thumb Code    78  at24c02.o(i.AT24C02_Write_Bytes)
    BEEP_Alarm_Count                         0x08000b87   Thumb Code    34  beep.o(i.BEEP_Alarm_Count)
    BEEP_Config                              0x08000ba9   Thumb Code    60  beep.o(i.BEEP_Config)
    BEEP_TurnOff                             0x08000be9   Thumb Code    16  beep.o(i.BEEP_TurnOff)
    BEEP_TurnOn                              0x08000bfd   Thumb Code    14  beep.o(i.BEEP_TurnOn)
    Collect_DATA_task                        0x08000c11   Thumb Code   384  user.o(i.Collect_DATA_task)
    DHT11_Config                             0x08000e05   Thumb Code    42  dht11.o(i.DHT11_Config)
    DHT11_OUTMode                            0x08000e35   Thumb Code    34  dht11.o(i.DHT11_OUTMode)
    DHT11_ReadBytes                          0x08000e5d   Thumb Code    84  dht11.o(i.DHT11_ReadBytes)
    DHT11_Readdata                           0x08000eb5   Thumb Code   186  dht11.o(i.DHT11_Readdata)
    EXTI15_10_IRQHandler                     0x08000f7d   Thumb Code    72  interrupt.o(i.EXTI15_10_IRQHandler)
    EXTI4_IRQHandler                         0x08000fd5   Thumb Code    46  interrupt.o(i.EXTI4_IRQHandler)
    EXTI9_5_IRQHandler                       0x08001019   Thumb Code   326  interrupt.o(i.EXTI9_5_IRQHandler)
    EXTI_ClearITPendingBit                   0x080011c1   Thumb Code     6  stm32f4xx_exti.o(i.EXTI_ClearITPendingBit)
    EXTI_Init                                0x080011cd   Thumb Code   142  stm32f4xx_exti.o(i.EXTI_Init)
    Fan_Control                              0x08001261   Thumb Code    20  pwm_fan.o(i.Fan_Control)
    Fan_TurnOn                               0x08001279   Thumb Code    18  pwm_fan.o(i.Fan_TurnOn)
    GPIO_Init                                0x08001291   Thumb Code   144  stm32f4xx_gpio.o(i.GPIO_Init)
    GPIO_PinAFConfig                         0x08001321   Thumb Code    70  stm32f4xx_gpio.o(i.GPIO_PinAFConfig)
    GPIO_ReadInputDataBit                    0x08001367   Thumb Code    18  stm32f4xx_gpio.o(i.GPIO_ReadInputDataBit)
    GPIO_ResetBits                           0x08001379   Thumb Code     4  stm32f4xx_gpio.o(i.GPIO_ResetBits)
    GPIO_SetBits                             0x0800137d   Thumb Code     4  stm32f4xx_gpio.o(i.GPIO_SetBits)
    GPIO_ToggleBits                          0x08001381   Thumb Code     8  stm32f4xx_gpio.o(i.GPIO_ToggleBits)
    GPIO_WriteBit                            0x08001389   Thumb Code    10  stm32f4xx_gpio.o(i.GPIO_WriteBit)
    Get_ADC_Average                          0x08001393   Thumb Code    48  adc.o(i.Get_ADC_Average)
    Get_ADC_Channel                          0x080013c5   Thumb Code    44  adc.o(i.Get_ADC_Channel)
    IIC_Config                               0x080013f5   Thumb Code    46  iic.o(i.IIC_Config)
    IIC_Get_ACK                              0x08001429   Thumb Code    76  iic.o(i.IIC_Get_ACK)
    IIC_Get_Byte                             0x08001479   Thumb Code   110  iic.o(i.IIC_Get_Byte)
    IIC_INMODE                               0x080014ed   Thumb Code    18  iic.o(i.IIC_INMODE)
    IIC_OUTMODE                              0x08001505   Thumb Code    22  iic.o(i.IIC_OUTMODE)
    IIC_SEND_ACK                             0x08001521   Thumb Code    82  iic.o(i.IIC_SEND_ACK)
    IIC_Send_Byte                            0x08001579   Thumb Code    94  iic.o(i.IIC_Send_Byte)
    IIC_Start                                0x080015dd   Thumb Code    48  iic.o(i.IIC_Start)
    IIC_Stop                                 0x08001611   Thumb Code    54  iic.o(i.IIC_Stop)
    INTERRUPT_KEY1_Config                    0x0800164d   Thumb Code   110  interrupt.o(i.INTERRUPT_KEY1_Config)
    INTERRUPT_KEY2_Config                    0x080016c1   Thumb Code   110  interrupt.o(i.INTERRUPT_KEY2_Config)
    INTERRUPT_KEY3_Config                    0x08001735   Thumb Code   110  interrupt.o(i.INTERRUPT_KEY3_Config)
    INTERRUPT_KEY4_Config                    0x080017a9   Thumb Code   114  interrupt.o(i.INTERRUPT_KEY4_Config)
    InitOLed                                 0x08001821   Thumb Code   178  oled.o(i.InitOLed)
    KEY1_2_3_Config                          0x080018d5   Thumb Code    42  key.o(i.KEY1_2_3_Config)
    KEY4_Config                              0x08001905   Thumb Code    44  key.o(i.KEY4_Config)
    LED_TurnOff                              0x08001935   Thumb Code    60  led1.o(i.LED_TurnOff)
    LED_TurnOn                               0x08001975   Thumb Code    44  led1.o(i.LED_TurnOn)
    LED_config                               0x080019a5   Thumb Code    80  led1.o(i.LED_config)
    My_Delay                                 0x080019f9   Thumb Code    18  func.o(i.My_Delay)
    NVIC_Init                                0x08001a11   Thumb Code   106  misc.o(i.NVIC_Init)
    NVIC_PriorityGroupConfig                 0x08001a89   Thumb Code    10  misc.o(i.NVIC_PriorityGroupConfig)
    OLed_Fill                                0x08001a9d   Thumb Code    58  oled.o(i.OLed_Fill)
    OLed_SetPos                              0x08001ad7   Thumb Code    36  oled.o(i.OLed_SetPos)
    OLed_ShowChina                           0x08001afb   Thumb Code    74  oled.o(i.OLed_ShowChina)
    Oled_print                               0x08001b45   Thumb Code   112  oled.o(i.Oled_print)
    PWM_BEEP_task                            0x08001bb9   Thumb Code    78  user.o(i.PWM_BEEP_task)
    PWM_LED3_Config                          0x08001c0d   Thumb Code   158  pwm_led3.o(i.PWM_LED3_Config)
    RCC_AHB1PeriphClockCmd                   0x08001cb5   Thumb Code    26  stm32f4xx_rcc.o(i.RCC_AHB1PeriphClockCmd)
    RCC_APB1PeriphClockCmd                   0x08001cd5   Thumb Code    26  stm32f4xx_rcc.o(i.RCC_APB1PeriphClockCmd)
    RCC_APB1PeriphResetCmd                   0x08001cf5   Thumb Code    26  stm32f4xx_rcc.o(i.RCC_APB1PeriphResetCmd)
    RCC_APB2PeriphClockCmd                   0x08001d15   Thumb Code    26  stm32f4xx_rcc.o(i.RCC_APB2PeriphClockCmd)
    RCC_APB2PeriphResetCmd                   0x08001d35   Thumb Code    26  stm32f4xx_rcc.o(i.RCC_APB2PeriphResetCmd)
    RCC_GetClocksFreq                        0x08001d55   Thumb Code   214  stm32f4xx_rcc.o(i.RCC_GetClocksFreq)
    SYSCFG_EXTILineConfig                    0x08001e3d   Thumb Code    60  stm32f4xx_syscfg.o(i.SYSCFG_EXTILineConfig)
    SysTick_CLKSourceConfig                  0x08001f69   Thumb Code    40  misc.o(i.SysTick_CLKSourceConfig)
    SysTick_Handler                          0x08001f91   Thumb Code    16  delay.o(i.SysTick_Handler)
    SystemInit                               0x08001fa1   Thumb Code    88  system_stm32f4xx.o(i.SystemInit)
    TIM12_CH2_PB15_Fan_Config                0x08002009   Thumb Code   144  pwm_fan.o(i.TIM12_CH2_PB15_Fan_Config)
    TIM4_IRQHandler                          0x080020a1   Thumb Code   346  timer.o(i.TIM4_IRQHandler)
    TIM5_IRQHandler                          0x08002249   Thumb Code    22  tim5.o(i.TIM5_IRQHandler)
    TIM_ARRPreloadConfig                     0x08002269   Thumb Code    24  stm32f4xx_tim.o(i.TIM_ARRPreloadConfig)
    TIM_ClearITPendingBit                    0x08002281   Thumb Code     6  stm32f4xx_tim.o(i.TIM_ClearITPendingBit)
    TIM_Cmd                                  0x08002287   Thumb Code    24  stm32f4xx_tim.o(i.TIM_Cmd)
    TIM_CtrlPWMOutputs                       0x0800229f   Thumb Code    30  stm32f4xx_tim.o(i.TIM_CtrlPWMOutputs)
    TIM_DeInit                               0x080022bd   Thumb Code   346  stm32f4xx_tim.o(i.TIM_DeInit)
    TIM_OC1Init                              0x0800244d   Thumb Code   114  stm32f4xx_tim.o(i.TIM_OC1Init)
    TIM_OC2Init                              0x080024c9   Thumb Code   154  stm32f4xx_tim.o(i.TIM_OC2Init)
    TIM_OC2PreloadConfig                     0x0800256d   Thumb Code    26  stm32f4xx_tim.o(i.TIM_OC2PreloadConfig)
    TIM_OC3Init                              0x08002589   Thumb Code   150  stm32f4xx_tim.o(i.TIM_OC3Init)
    TIM_OC3PreloadConfig                     0x08002629   Thumb Code    18  stm32f4xx_tim.o(i.TIM_OC3PreloadConfig)
    TIM_SetCompare1                          0x0800263b   Thumb Code     4  stm32f4xx_tim.o(i.TIM_SetCompare1)
    TIM_SetCompare2                          0x0800263f   Thumb Code     4  stm32f4xx_tim.o(i.TIM_SetCompare2)
    TIM_SetCompare3                          0x08002643   Thumb Code     4  stm32f4xx_tim.o(i.TIM_SetCompare3)
    TIM_TimeBaseInit                         0x08002649   Thumb Code   104  stm32f4xx_tim.o(i.TIM_TimeBaseInit)
    USART1_Config                            0x080026cd   Thumb Code   164  uasrt.o(i.USART1_Config)
    USART1_IRQHandler                        0x08002779   Thumb Code   634  uasrt.o(i.USART1_IRQHandler)
    USART2_IRQHandler                        0x08002b6d   Thumb Code   262  esp8266.o(i.USART2_IRQHandler)
    USART_ClearITPendingBit                  0x08002cd9   Thumb Code    30  stm32f4xx_usart.o(i.USART_ClearITPendingBit)
    USART_Cmd                                0x08002cf7   Thumb Code    24  stm32f4xx_usart.o(i.USART_Cmd)
    USART_GetFlagStatus                      0x08002d0f   Thumb Code    26  stm32f4xx_usart.o(i.USART_GetFlagStatus)
    USART_GetITStatus                        0x08002d29   Thumb Code    84  stm32f4xx_usart.o(i.USART_GetITStatus)
    USART_ITConfig                           0x08002d7d   Thumb Code    74  stm32f4xx_usart.o(i.USART_ITConfig)
    USART_Init                               0x08002dc9   Thumb Code   204  stm32f4xx_usart.o(i.USART_Init)
    USART_ReceiveData                        0x08002e9d   Thumb Code    10  stm32f4xx_usart.o(i.USART_ReceiveData)
    WriteOLedCmd                             0x08002ea7   Thumb Code    46  oled.o(i.WriteOLedCmd)
    WriteOLedData                            0x08002ed5   Thumb Code    50  oled.o(i.WriteOLedData)
    __0printf                                0x08002f09   Thumb Code    22  printfa.o(i.__0printf)
    __1printf                                0x08002f09   Thumb Code     0  printfa.o(i.__0printf)
    __2printf                                0x08002f09   Thumb Code     0  printfa.o(i.__0printf)
    __c89printf                              0x08002f09   Thumb Code     0  printfa.o(i.__0printf)
    printf                                   0x08002f09   Thumb Code     0  printfa.o(i.__0printf)
    __0sprintf                               0x08002f29   Thumb Code    34  printfa.o(i.__0sprintf)
    __1sprintf                               0x08002f29   Thumb Code     0  printfa.o(i.__0sprintf)
    __2sprintf                               0x08002f29   Thumb Code     0  printfa.o(i.__0sprintf)
    __c89sprintf                             0x08002f29   Thumb Code     0  printfa.o(i.__0sprintf)
    sprintf                                  0x08002f29   Thumb Code     0  printfa.o(i.__0sprintf)
    __scatterload_copy                       0x08002f51   Thumb Code    14  handlers.o(i.__scatterload_copy)
    __scatterload_null                       0x08002f5f   Thumb Code     2  handlers.o(i.__scatterload_null)
    __scatterload_zeroinit                   0x08002f61   Thumb Code    14  handlers.o(i.__scatterload_zeroinit)
    delay_init                               0x0800380d   Thumb Code    58  delay.o(i.delay_init)
    delay_ms                                 0x08003851   Thumb Code    24  delay.o(i.delay_ms)
    delay_us                                 0x08003869   Thumb Code    68  delay.o(i.delay_us)
    fputc                                    0x080038b1   Thumb Code    22  uasrt.o(i.fputc)
    led0_task                                0x080038cd   Thumb Code    70  user.o(i.led0_task)
    light_task                               0x08003921   Thumb Code    28  user.o(i.light_task)
    main                                     0x08003945   Thumb Code   126  user.o(i.main)
    pvPortMalloc                             0x08004391   Thumb Code   296  heap_4.o(i.pvPortMalloc)
    pvTaskIncrementMutexHeldCount            0x080044cd   Thumb Code    26  tasks.o(i.pvTaskIncrementMutexHeldCount)
    pwm2init                                 0x080044ed   Thumb Code   158  pwm_beep.o(i.pwm2init)
    pxPortInitialiseStack                    0x08004591   Thumb Code    38  port.o(i.pxPortInitialiseStack)
    start_task                               0x080045bd   Thumb Code   102  user.o(i.start_task)
    uart2init                                0x0800467d   Thumb Code   160  esp8266.o(i.uart2init)
    uxListRemove                             0x08004725   Thumb Code    40  list.o(i.uxListRemove)
    vListInitialise                          0x0800474d   Thumb Code    26  list.o(i.vListInitialise)
    vListInitialiseItem                      0x08004767   Thumb Code     6  list.o(i.vListInitialiseItem)
    vListInsert                              0x0800476d   Thumb Code    52  list.o(i.vListInsert)
    vListInsertEnd                           0x080047a1   Thumb Code    24  list.o(i.vListInsertEnd)
    vPortEnterCritical                       0x080047b9   Thumb Code    76  port.o(i.vPortEnterCritical)
    vPortExitCritical                        0x0800480d   Thumb Code    56  port.o(i.vPortExitCritical)
    vPortFree                                0x08004849   Thumb Code   140  heap_4.o(i.vPortFree)
    vPortSetupTimerInterrupt                 0x080048dd   Thumb Code    26  port.o(i.vPortSetupTimerInterrupt)
    vPortValidateInterruptPriority           0x080048fd   Thumb Code   106  port.o(i.vPortValidateInterruptPriority)
    vQueueAddToRegistry                      0x08004975   Thumb Code    38  queue.o(i.vQueueAddToRegistry)
    vQueueWaitForMessageRestricted           0x080049a1   Thumb Code    74  queue.o(i.vQueueWaitForMessageRestricted)
    vTaskDelay                               0x080049ed   Thumb Code    82  tasks.o(i.vTaskDelay)
    vTaskDelete                              0x08004a49   Thumb Code   202  tasks.o(i.vTaskDelete)
    vTaskMissedYield                         0x08004b3d   Thumb Code     8  tasks.o(i.vTaskMissedYield)
    vTaskPlaceOnEventList                    0x08004b49   Thumb Code    52  tasks.o(i.vTaskPlaceOnEventList)
    vTaskPlaceOnEventListRestricted          0x08004b81   Thumb Code    60  tasks.o(i.vTaskPlaceOnEventListRestricted)
    vTaskPriorityInherit                     0x08004bc1   Thumb Code   164  tasks.o(i.vTaskPriorityInherit)
    vTaskSetTimeOutState                     0x08004c71   Thumb Code    38  tasks.o(i.vTaskSetTimeOutState)
    vTaskStartScheduler                      0x08004ca1   Thumb Code   118  tasks.o(i.vTaskStartScheduler)
    vTaskSuspendAll                          0x08004d35   Thumb Code    12  tasks.o(i.vTaskSuspendAll)
    vTaskSwitchContext                       0x08004d45   Thumb Code   118  tasks.o(i.vTaskSwitchContext)
    xPortStartScheduler                      0x08004dd1   Thumb Code   288  port.o(i.xPortStartScheduler)
    xPortSysTickHandler                      0x08004f0d   Thumb Code    46  port.o(i.xPortSysTickHandler)
    xQueueGenericCreate                      0x08004f41   Thumb Code    88  queue.o(i.xQueueGenericCreate)
    xQueueGenericReceive                     0x08004f99   Thumb Code   446  queue.o(i.xQueueGenericReceive)
    xQueueGenericReset                       0x0800515d   Thumb Code   146  queue.o(i.xQueueGenericReset)
    xQueueGenericSend                        0x080051f5   Thumb Code   420  queue.o(i.xQueueGenericSend)
    xQueueGenericSendFromISR                 0x0800539d   Thumb Code   248  queue.o(i.xQueueGenericSendFromISR)
    xTaskCheckForTimeOut                     0x08005495   Thumb Code   132  tasks.o(i.xTaskCheckForTimeOut)
    xTaskCreate                              0x08005521   Thumb Code    96  tasks.o(i.xTaskCreate)
    xTaskGetSchedulerState                   0x08005581   Thumb Code    24  tasks.o(i.xTaskGetSchedulerState)
    xTaskGetTickCount                        0x080055a1   Thumb Code     6  tasks.o(i.xTaskGetTickCount)
    xTaskIncrementTick                       0x080055ad   Thumb Code   282  tasks.o(i.xTaskIncrementTick)
    xTaskPriorityDisinherit                  0x080056f5   Thumb Code   188  tasks.o(i.xTaskPriorityDisinherit)
    xTaskRemoveFromEventList                 0x080057bd   Thumb Code   128  tasks.o(i.xTaskRemoveFromEventList)
    xTaskResumeAll                           0x08005855   Thumb Code   224  tasks.o(i.xTaskResumeAll)
    xTimerCreateTimerTask                    0x08005959   Thumb Code    66  timers.o(i.xTimerCreateTimerTask)
    xTimerGenericCommand                     0x080059b1   Thumb Code   126  timers.o(i.xTimerGenericCommand)
    F8X16                                    0x08005a34   Data        1520  oled.o(.constdata)
    Region$$Table$$Base                      0x08006024   Number         0  anon$$obj.o(Region$$Table)
    Region$$Table$$Limit                     0x08006044   Number         0  anon$$obj.o(Region$$Table)
    SystemCoreClock                          0x20000000   Data           4  system_stm32f4xx.o(.data)
    AHBPrescTable                            0x20000004   Data          16  system_stm32f4xx.o(.data)
    ret                                      0x20000014   Data           2  user.o(.data)
    temp                                     0x20000016   Data           2  user.o(.data)
    humi                                     0x20000018   Data           2  user.o(.data)
    SYSTEM_ON_FLAG                           0x2000001c   Data           4  user.o(.data)
    COLLECT_DATA_ON_FLAG                     0x20000020   Data           4  user.o(.data)
    PWM_BEEP_flag                            0x20000024   Data           4  user.o(.data)
    StartTask_Handler                        0x20000028   Data           4  user.o(.data)
    LED0Task_Handler                         0x2000002c   Data           4  user.o(.data)
    LIGHTTask_Handler                        0x20000030   Data           4  user.o(.data)
    DATATask_Handler                         0x20000034   Data           4  user.o(.data)
    PWM_BEEPTask_Handler                     0x20000038   Data           4  user.o(.data)
    USART_RX_STA                             0x20000040   Data           2  uasrt.o(.data)
    PWM_LED2_flag                            0x20000044   Data           4  uasrt.o(.data)
    COLLECT_DATA_flag                        0x20000048   Data           4  uasrt.o(.data)
    i                                        0x2000004c   Data           4  uasrt.o(.data)
    readBuff                                 0x20000050   Data           5  dht11.o(.data)
    tempvalue                                0x20000058   Data           4  dht11.o(.data)
    wendu                                    0x2000005c   Data         128  esp8266.o(.data)
    shidu                                    0x200000dc   Data         128  esp8266.o(.data)
    HZ1                                      0x2000015c   Data          32  oled.o(.data)
    HZ2                                      0x2000017c   Data          32  oled.o(.data)
    HZ3                                      0x2000019c   Data          32  oled.o(.data)
    HZ4                                      0x200001bc   Data          32  oled.o(.data)
    HZ5                                      0x200001dc   Data          32  oled.o(.data)
    HZ6                                      0x200001fc   Data          32  oled.o(.data)
    HZ7                                      0x2000021c   Data          32  oled.o(.data)
    HZ8                                      0x2000023c   Data          32  oled.o(.data)
    HZ9                                      0x2000025c   Data          32  oled.o(.data)
    HZ10                                     0x2000027c   Data          32  oled.o(.data)
    HZ11                                     0x2000029c   Data          32  oled.o(.data)
    HZ12                                     0x200002bc   Data          32  oled.o(.data)
    HZ13                                     0x200002dc   Data          32  oled.o(.data)
    SHESHIDU                                 0x200002fc   Data          32  oled.o(.data)
    BAIFENHAO                                0x2000031c   Data          16  oled.o(.data)
    pxCurrentTCB                             0x2000033c   Data           4  tasks.o(.data)
    __stdout                                 0x200003b0   Data           4  stdout.o(.data)
    tempvalue_1                              0x200003b4   Data         128  user.o(.bss)
    humivalue_1                              0x20000434   Data         128  user.o(.bss)
    lihgtvalue_1                             0x200004b4   Data         128  user.o(.bss)
    potenvalue_1                             0x20000534   Data         128  user.o(.bss)
    USART_RX_BUF                             0x200005b4   Data         200  uasrt.o(.bss)
    res                                      0x2000067c   Data          24  uasrt.o(.bss)
    guangzhao                                0x20000694   Data          30  esp8266.o(.bss)
    xQueueRegistry                           0x200006b4   Data          64  queue.o(.bss)
    __initial_sp                             0x200137e8   Data           0  startup_stm32f40_41xxx.o(STACK)



==============================================================================

Memory Map of the image

  Image Entry point : 0x08000189

  Load Region LR_IROM1 (Base: 0x08000000, Size: 0x000063f8, Max: 0x00080000, ABSOLUTE, COMPRESSED[0x000061f8])

    Execution Region ER_IROM1 (Base: 0x08000000, Size: 0x00006044, Max: 0x00080000, ABSOLUTE)

    Base Addr    Size         Type   Attr      Idx    E Section Name        Object

    0x08000000   0x00000188   Data   RO            3    RESET               startup_stm32f40_41xxx.o
    0x08000188   0x00000000   Code   RO         6791  * .ARM.Collect$$$$00000000  mc_w.l(entry.o)
    0x08000188   0x00000004   Code   RO         7067    .ARM.Collect$$$$00000001  mc_w.l(entry2.o)
    0x0800018c   0x00000004   Code   RO         7070    .ARM.Collect$$$$00000004  mc_w.l(entry5.o)
    0x08000190   0x00000000   Code   RO         7072    .ARM.Collect$$$$00000008  mc_w.l(entry7b.o)
    0x08000190   0x00000000   Code   RO         7074    .ARM.Collect$$$$0000000A  mc_w.l(entry8b.o)
    0x08000190   0x00000008   Code   RO         7075    .ARM.Collect$$$$0000000B  mc_w.l(entry9a.o)
    0x08000198   0x00000000   Code   RO         7077    .ARM.Collect$$$$0000000D  mc_w.l(entry10a.o)
    0x08000198   0x00000000   Code   RO         7079    .ARM.Collect$$$$0000000F  mc_w.l(entry11a.o)
    0x08000198   0x00000004   Code   RO         7068    .ARM.Collect$$$$00002712  mc_w.l(entry2.o)
    0x0800019c   0x000000b6   Code   RO         6665    .emb_text           port.o
    0x08000252   0x00000002   PAD
    0x08000254   0x00000024   Code   RO            4    .text               startup_stm32f40_41xxx.o
    0x08000278   0x00000024   Code   RO         6794    .text               mc_w.l(memcpya.o)
    0x0800029c   0x00000024   Code   RO         6796    .text               mc_w.l(memseta.o)
    0x080002c0   0x0000000e   Code   RO         6798    .text               mc_w.l(strlen.o)
    0x080002ce   0x0000002a   Code   RO         6802    .text               mc_w.l(strcasecmp.o)
    0x080002f8   0x00000026   Code   RO         7065    .text               mf_w.l(f2d.o)
    0x0800031e   0x0000002c   Code   RO         7082    .text               mc_w.l(uidiv.o)
    0x0800034a   0x00000062   Code   RO         7084    .text               mc_w.l(uldiv.o)
    0x080003ac   0x0000000c   Code   RO         7086    .text               mc_w.l(tolower.o)
    0x080003b8   0x00000000   Code   RO         7088    .text               mc_w.l(iusefp.o)
    0x080003b8   0x0000014e   Code   RO         7089    .text               mf_w.l(dadd.o)
    0x08000506   0x000000e4   Code   RO         7091    .text               mf_w.l(dmul.o)
    0x080005ea   0x000000de   Code   RO         7093    .text               mf_w.l(ddiv.o)
    0x080006c8   0x00000030   Code   RO         7095    .text               mf_w.l(dfixul.o)
    0x080006f8   0x00000030   Code   RO         7097    .text               mf_w.l(cdrcmple.o)
    0x08000728   0x00000024   Code   RO         7099    .text               mc_w.l(init.o)
    0x0800074c   0x0000001e   Code   RO         7101    .text               mc_w.l(llshl.o)
    0x0800076a   0x00000020   Code   RO         7103    .text               mc_w.l(llushr.o)
    0x0800078a   0x00000024   Code   RO         7105    .text               mc_w.l(llsshr.o)
    0x080007ae   0x000000ba   Code   RO         7107    .text               mf_w.l(depilogue.o)
    0x08000868   0x0000005e   Code   RO         7117    .text               mc_w.l(__dclz77c.o)
    0x080008c6   0x00000002   PAD
    0x080008c8   0x00000098   Code   RO          730    i.ADC1_Light_Config  adc.o
    0x08000960   0x00000016   Code   RO         1171    i.ADC_Cmd           stm32f4xx_adc.o
    0x08000976   0x00000002   PAD
    0x08000978   0x00000030   Code   RO         1172    i.ADC_CommonInit    stm32f4xx_adc.o
    0x080009a8   0x00000008   Code   RO         1183    i.ADC_GetConversionValue  stm32f4xx_adc.o
    0x080009b0   0x00000012   Code   RO         1184    i.ADC_GetFlagStatus  stm32f4xx_adc.o
    0x080009c2   0x00000002   PAD
    0x080009c4   0x00000054   Code   RO         1191    i.ADC_Init          stm32f4xx_adc.o
    0x08000a18   0x000000b8   Code   RO         1196    i.ADC_RegularChannelConfig  stm32f4xx_adc.o
    0x08000ad0   0x0000000a   Code   RO         1198    i.ADC_SoftwareStartConv  stm32f4xx_adc.o
    0x08000ada   0x0000005e   Code   RO          872    i.AT24C02_Read_Bytes  at24c02.o
    0x08000b38   0x0000004e   Code   RO          873    i.AT24C02_Write_Bytes  at24c02.o
    0x08000b86   0x00000022   Code   RO          422    i.BEEP_Alarm_Count  beep.o
    0x08000ba8   0x00000040   Code   RO          423    i.BEEP_Config       beep.o
    0x08000be8   0x00000014   Code   RO          425    i.BEEP_TurnOff      beep.o
    0x08000bfc   0x00000014   Code   RO          426    i.BEEP_TurnOn       beep.o
    0x08000c10   0x000001f4   Code   RO          150    i.Collect_DATA_task  user.o
    0x08000e04   0x00000030   Code   RO          683    i.DHT11_Config      dht11.o
    0x08000e34   0x00000028   Code   RO          685    i.DHT11_OUTMode     dht11.o
    0x08000e5c   0x00000058   Code   RO          686    i.DHT11_ReadBytes   dht11.o
    0x08000eb4   0x000000c8   Code   RO          687    i.DHT11_Readdata    dht11.o
    0x08000f7c   0x00000058   Code   RO          503    i.EXTI15_10_IRQHandler  interrupt.o
    0x08000fd4   0x00000044   Code   RO          504    i.EXTI4_IRQHandler  interrupt.o
    0x08001018   0x000001a8   Code   RO          505    i.EXTI9_5_IRQHandler  interrupt.o
    0x080011c0   0x0000000c   Code   RO         2368    i.EXTI_ClearITPendingBit  stm32f4xx_exti.o
    0x080011cc   0x00000094   Code   RO         2373    i.EXTI_Init         stm32f4xx_exti.o
    0x08001260   0x00000018   Code   RO          627    i.Fan_Control       pwm_fan.o
    0x08001278   0x00000018   Code   RO          632    i.Fan_TurnOn        pwm_fan.o
    0x08001290   0x00000090   Code   RO         2844    i.GPIO_Init         stm32f4xx_gpio.o
    0x08001320   0x00000046   Code   RO         2845    i.GPIO_PinAFConfig  stm32f4xx_gpio.o
    0x08001366   0x00000012   Code   RO         2848    i.GPIO_ReadInputDataBit  stm32f4xx_gpio.o
    0x08001378   0x00000004   Code   RO         2851    i.GPIO_ResetBits    stm32f4xx_gpio.o
    0x0800137c   0x00000004   Code   RO         2852    i.GPIO_SetBits      stm32f4xx_gpio.o
    0x08001380   0x00000008   Code   RO         2854    i.GPIO_ToggleBits   stm32f4xx_gpio.o
    0x08001388   0x0000000a   Code   RO         2856    i.GPIO_WriteBit     stm32f4xx_gpio.o
    0x08001392   0x00000030   Code   RO          731    i.Get_ADC_Average   adc.o
    0x080013c2   0x00000002   PAD
    0x080013c4   0x00000030   Code   RO          732    i.Get_ADC_Channel   adc.o
    0x080013f4   0x00000034   Code   RO          907    i.IIC_Config        iic.o
    0x08001428   0x00000050   Code   RO          908    i.IIC_Get_ACK       iic.o
    0x08001478   0x00000074   Code   RO          909    i.IIC_Get_Byte      iic.o
    0x080014ec   0x00000018   Code   RO          910    i.IIC_INMODE        iic.o
    0x08001504   0x0000001c   Code   RO          911    i.IIC_OUTMODE       iic.o
    0x08001520   0x00000058   Code   RO          912    i.IIC_SEND_ACK      iic.o
    0x08001578   0x00000064   Code   RO          913    i.IIC_Send_Byte     iic.o
    0x080015dc   0x00000034   Code   RO          914    i.IIC_Start         iic.o
    0x08001610   0x0000003c   Code   RO          915    i.IIC_Stop          iic.o
    0x0800164c   0x00000074   Code   RO          506    i.INTERRUPT_KEY1_Config  interrupt.o
    0x080016c0   0x00000074   Code   RO          507    i.INTERRUPT_KEY2_Config  interrupt.o
    0x08001734   0x00000074   Code   RO          508    i.INTERRUPT_KEY3_Config  interrupt.o
    0x080017a8   0x00000078   Code   RO          509    i.INTERRUPT_KEY4_Config  interrupt.o
    0x08001820   0x000000b2   Code   RO          975    i.InitOLed          oled.o
    0x080018d2   0x00000002   PAD
    0x080018d4   0x00000030   Code   RO          471    i.KEY1_2_3_Config   key.o
    0x08001904   0x00000030   Code   RO          472    i.KEY4_Config       key.o
    0x08001934   0x00000040   Code   RO          359    i.LED_TurnOff       led1.o
    0x08001974   0x00000030   Code   RO          360    i.LED_TurnOn        led1.o
    0x080019a4   0x00000054   Code   RO          361    i.LED_config        led1.o
    0x080019f8   0x00000018   Code   RO          401    i.My_Delay          func.o
    0x08001a10   0x00000078   Code   RO         1121    i.NVIC_Init         misc.o
    0x08001a88   0x00000014   Code   RO         1122    i.NVIC_PriorityGroupConfig  misc.o
    0x08001a9c   0x0000003a   Code   RO          976    i.OLed_Fill         oled.o
    0x08001ad6   0x00000024   Code   RO          977    i.OLed_SetPos       oled.o
    0x08001afa   0x0000004a   Code   RO          978    i.OLed_ShowChina    oled.o
    0x08001b44   0x00000074   Code   RO          979    i.Oled_print        oled.o
    0x08001bb8   0x00000054   Code   RO          151    i.PWM_BEEP_task     user.o
    0x08001c0c   0x000000a8   Code   RO          793    i.PWM_LED3_Config   pwm_led3.o
    0x08001cb4   0x00000020   Code   RO         3708    i.RCC_AHB1PeriphClockCmd  stm32f4xx_rcc.o
    0x08001cd4   0x00000020   Code   RO         3717    i.RCC_APB1PeriphClockCmd  stm32f4xx_rcc.o
    0x08001cf4   0x00000020   Code   RO         3719    i.RCC_APB1PeriphResetCmd  stm32f4xx_rcc.o
    0x08001d14   0x00000020   Code   RO         3720    i.RCC_APB2PeriphClockCmd  stm32f4xx_rcc.o
    0x08001d34   0x00000020   Code   RO         3722    i.RCC_APB2PeriphResetCmd  stm32f4xx_rcc.o
    0x08001d54   0x000000e8   Code   RO         3729    i.RCC_GetClocksFreq  stm32f4xx_rcc.o
    0x08001e3c   0x00000040   Code   RO         4986    i.SYSCFG_EXTILineConfig  stm32f4xx_syscfg.o
    0x08001e7c   0x000000ec   Code   RO           12    i.SetSysClock       system_stm32f4xx.o
    0x08001f68   0x00000028   Code   RO         1125    i.SysTick_CLKSourceConfig  misc.o
    0x08001f90   0x00000010   Code   RO          305    i.SysTick_Handler   delay.o
    0x08001fa0   0x00000068   Code   RO           14    i.SystemInit        system_stm32f4xx.o
    0x08002008   0x00000098   Code   RO          633    i.TIM12_CH2_PB15_Fan_Config  pwm_fan.o
    0x080020a0   0x000001a8   Code   RO          601    i.TIM4_IRQHandler   timer.o
    0x08002248   0x00000020   Code   RO          819    i.TIM5_IRQHandler   tim5.o
    0x08002268   0x00000018   Code   RO         5043    i.TIM_ARRPreloadConfig  stm32f4xx_tim.o
    0x08002280   0x00000006   Code   RO         5050    i.TIM_ClearITPendingBit  stm32f4xx_tim.o
    0x08002286   0x00000018   Code   RO         5055    i.TIM_Cmd           stm32f4xx_tim.o
    0x0800229e   0x0000001e   Code   RO         5057    i.TIM_CtrlPWMOutputs  stm32f4xx_tim.o
    0x080022bc   0x00000190   Code   RO         5060    i.TIM_DeInit        stm32f4xx_tim.o
    0x0800244c   0x0000007c   Code   RO         5084    i.TIM_OC1Init       stm32f4xx_tim.o
    0x080024c8   0x000000a4   Code   RO         5089    i.TIM_OC2Init       stm32f4xx_tim.o
    0x0800256c   0x0000001a   Code   RO         5092    i.TIM_OC2PreloadConfig  stm32f4xx_tim.o
    0x08002586   0x00000002   PAD
    0x08002588   0x000000a0   Code   RO         5094    i.TIM_OC3Init       stm32f4xx_tim.o
    0x08002628   0x00000012   Code   RO         5097    i.TIM_OC3PreloadConfig  stm32f4xx_tim.o
    0x0800263a   0x00000004   Code   RO         5117    i.TIM_SetCompare1   stm32f4xx_tim.o
    0x0800263e   0x00000004   Code   RO         5118    i.TIM_SetCompare2   stm32f4xx_tim.o
    0x08002642   0x00000004   Code   RO         5119    i.TIM_SetCompare3   stm32f4xx_tim.o
    0x08002646   0x00000002   PAD
    0x08002648   0x00000084   Code   RO         5127    i.TIM_TimeBaseInit  stm32f4xx_tim.o
    0x080026cc   0x000000ac   Code   RO          560    i.USART1_Config     uasrt.o
    0x08002778   0x000003f4   Code   RO          561    i.USART1_IRQHandler  uasrt.o
    0x08002b6c   0x0000016c   Code   RO          762    i.USART2_IRQHandler  esp8266.o
    0x08002cd8   0x0000001e   Code   RO         5602    i.USART_ClearITPendingBit  stm32f4xx_usart.o
    0x08002cf6   0x00000018   Code   RO         5605    i.USART_Cmd         stm32f4xx_usart.o
    0x08002d0e   0x0000001a   Code   RO         5608    i.USART_GetFlagStatus  stm32f4xx_usart.o
    0x08002d28   0x00000054   Code   RO         5609    i.USART_GetITStatus  stm32f4xx_usart.o
    0x08002d7c   0x0000004a   Code   RO         5611    i.USART_ITConfig    stm32f4xx_usart.o
    0x08002dc6   0x00000002   PAD
    0x08002dc8   0x000000d4   Code   RO         5612    i.USART_Init        stm32f4xx_usart.o
    0x08002e9c   0x0000000a   Code   RO         5619    i.USART_ReceiveData  stm32f4xx_usart.o
    0x08002ea6   0x0000002e   Code   RO          980    i.WriteOLedCmd      oled.o
    0x08002ed4   0x00000032   Code   RO          981    i.WriteOLedData     oled.o
    0x08002f06   0x00000002   PAD
    0x08002f08   0x00000020   Code   RO         7037    i.__0printf         mc_w.l(printfa.o)
    0x08002f28   0x00000028   Code   RO         7039    i.__0sprintf        mc_w.l(printfa.o)
    0x08002f50   0x0000000e   Code   RO         7111    i.__scatterload_copy  mc_w.l(handlers.o)
    0x08002f5e   0x00000002   Code   RO         7112    i.__scatterload_null  mc_w.l(handlers.o)
    0x08002f60   0x0000000e   Code   RO         7113    i.__scatterload_zeroinit  mc_w.l(handlers.o)
    0x08002f6e   0x00000002   PAD
    0x08002f70   0x00000164   Code   RO         7044    i._fp_digits        mc_w.l(printfa.o)
    0x080030d4   0x000006dc   Code   RO         7045    i._printf_core      mc_w.l(printfa.o)
    0x080037b0   0x00000024   Code   RO         7046    i._printf_post_padding  mc_w.l(printfa.o)
    0x080037d4   0x0000002e   Code   RO         7047    i._printf_pre_padding  mc_w.l(printfa.o)
    0x08003802   0x0000000a   Code   RO         7049    i._sputc            mc_w.l(printfa.o)
    0x0800380c   0x00000044   Code   RO          306    i.delay_init        delay.o
    0x08003850   0x00000018   Code   RO          307    i.delay_ms          delay.o
    0x08003868   0x00000048   Code   RO          308    i.delay_us          delay.o
    0x080038b0   0x0000001c   Code   RO          562    i.fputc             uasrt.o
    0x080038cc   0x00000054   Code   RO          152    i.led0_task         user.o
    0x08003920   0x00000024   Code   RO          153    i.light_task        user.o
    0x08003944   0x000000c8   Code   RO          154    i.main              user.o
    0x08003a0c   0x00000098   Code   RO         6198    i.prvAddCurrentTaskToDelayedList  tasks.o
    0x08003aa4   0x000000b8   Code   RO         6199    i.prvAddNewTaskToReadyList  tasks.o
    0x08003b5c   0x00000064   Code   RO         6535    i.prvCheckForValidListAndQueue  timers.o
    0x08003bc0   0x00000064   Code   RO         6200    i.prvCheckTasksWaitingTermination  tasks.o
    0x08003c24   0x0000002a   Code   RO         5997    i.prvCopyDataFromQueue  queue.o
    0x08003c4e   0x0000007c   Code   RO         5998    i.prvCopyDataToQueue  queue.o
    0x08003cca   0x00000012   Code   RO         6201    i.prvDeleteTCB      tasks.o
    0x08003cdc   0x00000028   Code   RO         6536    i.prvGetNextExpireTime  timers.o
    0x08003d04   0x0000007c   Code   RO         6742    i.prvHeapInit       heap_4.o
    0x08003d80   0x00000028   Code   RO         6202    i.prvIdleTask       tasks.o
    0x08003da8   0x0000002a   Code   RO         6000    i.prvInitialiseNewQueue  queue.o
    0x08003dd2   0x000000b4   Code   RO         6203    i.prvInitialiseNewTask  tasks.o
    0x08003e86   0x00000002   PAD
    0x08003e88   0x00000068   Code   RO         6204    i.prvInitialiseTaskLists  tasks.o
    0x08003ef0   0x00000068   Code   RO         6743    i.prvInsertBlockIntoFreeList  heap_4.o
    0x08003f58   0x00000058   Code   RO         6538    i.prvInsertTimerInActiveList  timers.o
    0x08003fb0   0x0000001a   Code   RO         6001    i.prvIsQueueEmpty   queue.o
    0x08003fca   0x0000001e   Code   RO         6002    i.prvIsQueueFull    queue.o
    0x08003fe8   0x00000064   Code   RO         6539    i.prvProcessExpiredTimer  timers.o
    0x0800404c   0x000000f8   Code   RO         6540    i.prvProcessReceivedCommands  timers.o
    0x08004144   0x00000074   Code   RO         6541    i.prvProcessTimerOrBlockTask  timers.o
    0x080041b8   0x00000034   Code   RO         6206    i.prvResetNextTaskUnblockTime  tasks.o
    0x080041ec   0x0000002c   Code   RO         6542    i.prvSampleTimeNow  timers.o
    0x08004218   0x000000a0   Code   RO         6543    i.prvSwitchTimerLists  timers.o
    0x080042b8   0x00000040   Code   RO         6666    i.prvTaskExitError  port.o
    0x080042f8   0x0000001a   Code   RO         6544    i.prvTimerTask      timers.o
    0x08004312   0x0000007e   Code   RO         6003    i.prvUnlockQueue    queue.o
    0x08004390   0x0000013c   Code   RO         6744    i.pvPortMalloc      heap_4.o
    0x080044cc   0x00000020   Code   RO         6209    i.pvTaskIncrementMutexHeldCount  tasks.o
    0x080044ec   0x000000a4   Code   RO          846    i.pwm2init          pwm_beep.o
    0x08004590   0x0000002c   Code   RO         6667    i.pxPortInitialiseStack  port.o
    0x080045bc   0x000000c0   Code   RO          155    i.start_task        user.o
    0x0800467c   0x000000a8   Code   RO          763    i.uart2init         esp8266.o
    0x08004724   0x00000028   Code   RO         5960    i.uxListRemove      list.o
    0x0800474c   0x0000001a   Code   RO         5961    i.vListInitialise   list.o
    0x08004766   0x00000006   Code   RO         5962    i.vListInitialiseItem  list.o
    0x0800476c   0x00000034   Code   RO         5963    i.vListInsert       list.o
    0x080047a0   0x00000018   Code   RO         5964    i.vListInsertEnd    list.o
    0x080047b8   0x00000054   Code   RO         6669    i.vPortEnterCritical  port.o
    0x0800480c   0x0000003c   Code   RO         6670    i.vPortExitCritical  port.o
    0x08004848   0x00000094   Code   RO         6745    i.vPortFree         heap_4.o
    0x080048dc   0x00000020   Code   RO         6671    i.vPortSetupTimerInterrupt  port.o
    0x080048fc   0x00000078   Code   RO         6672    i.vPortValidateInterruptPriority  port.o
    0x08004974   0x0000002c   Code   RO         6009    i.vQueueAddToRegistry  queue.o
    0x080049a0   0x0000004a   Code   RO         6013    i.vQueueWaitForMessageRestricted  queue.o
    0x080049ea   0x00000002   PAD
    0x080049ec   0x0000005c   Code   RO         6217    i.vTaskDelay        tasks.o
    0x08004a48   0x000000f4   Code   RO         6219    i.vTaskDelete       tasks.o
    0x08004b3c   0x0000000c   Code   RO         6222    i.vTaskMissedYield  tasks.o
    0x08004b48   0x00000038   Code   RO         6224    i.vTaskPlaceOnEventList  tasks.o
    0x08004b80   0x00000040   Code   RO         6225    i.vTaskPlaceOnEventListRestricted  tasks.o
    0x08004bc0   0x000000b0   Code   RO         6227    i.vTaskPriorityInherit  tasks.o
    0x08004c70   0x00000030   Code   RO         6231    i.vTaskSetTimeOutState  tasks.o
    0x08004ca0   0x00000094   Code   RO         6232    i.vTaskStartScheduler  tasks.o
    0x08004d34   0x00000010   Code   RO         6234    i.vTaskSuspendAll   tasks.o
    0x08004d44   0x0000008c   Code   RO         6235    i.vTaskSwitchContext  tasks.o
    0x08004dd0   0x0000013c   Code   RO         6673    i.xPortStartScheduler  port.o
    0x08004f0c   0x00000034   Code   RO         6674    i.xPortSysTickHandler  port.o
    0x08004f40   0x00000058   Code   RO         6016    i.xQueueGenericCreate  queue.o
    0x08004f98   0x000001c4   Code   RO         6017    i.xQueueGenericReceive  queue.o
    0x0800515c   0x00000098   Code   RO         6018    i.xQueueGenericReset  queue.o
    0x080051f4   0x000001a8   Code   RO         6019    i.xQueueGenericSend  queue.o
    0x0800539c   0x000000f8   Code   RO         6020    i.xQueueGenericSendFromISR  queue.o
    0x08005494   0x0000008c   Code   RO         6236    i.xTaskCheckForTimeOut  tasks.o
    0x08005520   0x00000060   Code   RO         6237    i.xTaskCreate       tasks.o
    0x08005580   0x00000020   Code   RO         6241    i.xTaskGetSchedulerState  tasks.o
    0x080055a0   0x0000000c   Code   RO         6242    i.xTaskGetTickCount  tasks.o
    0x080055ac   0x00000148   Code   RO         6244    i.xTaskIncrementTick  tasks.o
    0x080056f4   0x000000c8   Code   RO         6247    i.xTaskPriorityDisinherit  tasks.o
    0x080057bc   0x00000098   Code   RO         6248    i.xTaskRemoveFromEventList  tasks.o
    0x08005854   0x00000104   Code   RO         6250    i.xTaskResumeAll    tasks.o
    0x08005958   0x00000058   Code   RO         6548    i.xTimerCreateTimerTask  timers.o
    0x080059b0   0x00000084   Code   RO         6549    i.xTimerGenericCommand  timers.o
    0x08005a34   0x000005f0   Data   RO          982    .constdata          oled.o
    0x08006024   0x00000020   Data   RO         7109    Region$$Table       anon$$obj.o


    Execution Region RW_IRAM1 (Base: 0x20000000, Size: 0x000137e8, Max: 0x00020000, ABSOLUTE, COMPRESSED[0x000001b4])

    Base Addr    Size         Type   Attr      Idx    E Section Name        Object

    0x20000000   0x00000014   Data   RW           15    .data               system_stm32f4xx.o
    0x20000014   0x00000028   Data   RW          157    .data               user.o
    0x2000003c   0x00000004   Data   RW          310    .data               delay.o
    0x20000040   0x00000010   Data   RW          564    .data               uasrt.o
    0x20000050   0x0000000c   Data   RW          688    .data               dht11.o
    0x2000005c   0x00000100   Data   RW          765    .data               esp8266.o
    0x2000015c   0x000001d0   Data   RW          983    .data               oled.o
    0x2000032c   0x00000010   Data   RW         3761    .data               stm32f4xx_rcc.o
    0x2000033c   0x0000003c   Data   RW         6253    .data               tasks.o
    0x20000378   0x00000014   Data   RW         6555    .data               timers.o
    0x2000038c   0x0000000c   Data   RW         6675    .data               port.o
    0x20000398   0x00000018   Data   RW         6750    .data               heap_4.o
    0x200003b0   0x00000004   Data   RW         7081    .data               mc_w.l(stdout.o)
    0x200003b4   0x00000200   Zero   RW          156    .bss                user.o
    0x200005b4   0x000000e0   Zero   RW          563    .bss                uasrt.o
    0x20000694   0x0000001e   Zero   RW          764    .bss                esp8266.o
    0x200006b2   0x00000002   PAD
    0x200006b4   0x00000040   Zero   RW         6028    .bss                queue.o
    0x200006f4   0x000000c8   Zero   RW         6252    .bss                tasks.o
    0x200007bc   0x00000028   Zero   RW         6554    .bss                timers.o
    0x200007e4   0x00012c00   Zero   RW         6749    .bss                heap_4.o
    0x200133e4   0x00000004   PAD
    0x200133e8   0x00000400   Zero   RW            1    STACK               startup_stm32f40_41xxx.o


==============================================================================

Image component sizes


      Code (inc. data)   RO Data    RW Data    ZI Data      Debug   Object Name

       248         16          0          0          0       1840   adc.o
       172          0          0          0          0       1455   at24c02.o
       138         14          0          0          0       1878   beep.o
       180         14          0          4          0       2461   delay.o
       376         30          0         12          0       2891   dht11.o
       532        118          0        256         30       1934   esp8266.o
         0          0          0          0          0      11768   event_groups.o
        24          6          0          0          0        475   func.o
       692         62          0         24      76800       4295   heap_4.o
       600         50          0          0          0       5035   iic.o
      1048        160          0          0          0       4251   interrupt.o
        96         10          0          0          0        952   key.o
       196         12          0          0          0       1532   led1.o
       148          0          0          0          0       3078   list.o
       180         24          0          0          0       2001   misc.o
       558          4       1520        464          0       5505   oled.o
       954         92          0         12          0      11189   port.o
       164          6          0          0          0        639   pwm_beep.o
       200         18          0          0          0       1579   pwm_fan.o
       168         10          0          0          0        654   pwm_led3.o
      1872         22          0          0         64      15357   queue.o
        36          8        392          0       1024        848   startup_stm32f40_41xxx.o
       374         24          0          0          0       5338   stm32f4xx_adc.o
       160         12          0          0          0       1433   stm32f4xx_exti.o
       258          0          0          0          0       4497   stm32f4xx_gpio.o
       392         48          0         16          0       5649   stm32f4xx_rcc.o
        64          4          0          0          0        636   stm32f4xx_syscfg.o
      1120        112          0          0          0       9028   stm32f4xx_tim.o
       460          8          0          0          0       5350   stm32f4xx_usart.o
         0          0          0          0          0     245264   sys.o
       340         32          0         20          0     299233   system_stm32f4xx.o
      3078        410          0         60        200      22383   tasks.o
        32         10          0          0          0        446   tim5.o
       424         78          0          0          0        998   timer.o
      1142        118          0         20         40      16875   timers.o
      1212        392          0         16        224       2714   uasrt.o
      1096        308          0         40        512      16196   user.o

    ----------------------------------------------------------------------
     18756       2232       1944        944      78900     717657   Object Totals
         0          0         32          0          0          0   (incl. Generated)
        22          0          0          0          6          0   (incl. Padding)

    ----------------------------------------------------------------------

      Code (inc. data)   RO Data    RW Data    ZI Data      Debug   Library Member Name

        94          0          0          0          0          0   __dclz77c.o
         0          0          0          0          0          0   entry.o
         0          0          0          0          0          0   entry10a.o
         0          0          0          0          0          0   entry11a.o
         8          4          0          0          0          0   entry2.o
         4          0          0          0          0          0   entry5.o
         0          0          0          0          0          0   entry7b.o
         0          0          0          0          0          0   entry8b.o
         8          4          0          0          0          0   entry9a.o
        30          0          0          0          0          0   handlers.o
        36          8          0          0          0         68   init.o
         0          0          0          0          0          0   iusefp.o
        30          0          0          0          0         68   llshl.o
        36          0          0          0          0         68   llsshr.o
        32          0          0          0          0         68   llushr.o
        36          0          0          0          0         68   memcpya.o
        36          0          0          0          0        108   memseta.o
      2276         96          0          0          0        596   printfa.o
         0          0          0          4          0          0   stdout.o
        42          0          0          0          0         84   strcasecmp.o
        14          0          0          0          0         68   strlen.o
        12          0          0          0          0         68   tolower.o
        44          0          0          0          0         80   uidiv.o
        98          0          0          0          0         92   uldiv.o
        48          0          0          0          0         68   cdrcmple.o
       334          0          0          0          0        148   dadd.o
       222          0          0          0          0        100   ddiv.o
       186          0          0          0          0        176   depilogue.o
        48          0          0          0          0         68   dfixul.o
       228          0          0          0          0         96   dmul.o
        38          0          0          0          0         68   f2d.o

    ----------------------------------------------------------------------
      3944        112          0          4          0       2160   Library Totals
         4          0          0          0          0          0   (incl. Padding)

    ----------------------------------------------------------------------

      Code (inc. data)   RO Data    RW Data    ZI Data      Debug   Library Name

      2836        112          0          4          0       1436   mc_w.l
      1104          0          0          0          0        724   mf_w.l

    ----------------------------------------------------------------------
      3944        112          0          4          0       2160   Library Totals

    ----------------------------------------------------------------------

==============================================================================


      Code (inc. data)   RO Data    RW Data    ZI Data      Debug   

     22700       2344       1944        948      78900     701209   Grand Totals
     22700       2344       1944        436      78900     701209   ELF Image Totals (compressed)
     22700       2344       1944        436          0          0   ROM Totals

==============================================================================

    Total RO  Size (Code + RO Data)                24644 (  24.07kB)
    Total RW  Size (RW Data + ZI Data)             79848 (  77.98kB)
    Total ROM Size (Code + RO Data + RW Data)      25080 (  24.49kB)

==============================================================================

